\BOOKMARK [0][-]{section*.1}{\376\377\000B\000O\000N\000A\000F\000I\000D\000E\000\040\000C\000E\000R\000T\000I\000F\000I\000C\000A\000T\000E}{}% 1
\BOOKMARK [0][-]{section*.2}{\376\377\000D\000E\000C\000L\000A\000R\000A\000T\000I\000O\000N}{}% 2
\BOOKMARK [0][-]{section*.3}{\376\377\000A\000C\000K\000N\000O\000W\000L\000E\000D\000G\000E\000M\000E\000N\000T}{}% 3
\BOOKMARK [0][-]{section*.4}{\376\377\000A\000B\000S\000T\000R\000A\000C\000T}{}% 4
\BOOKMARK [0][-]{chapter*.6}{\376\377\000L\000i\000s\000t\000\040\000o\000f\000\040\000T\000a\000b\000l\000e\000s}{}% 5
\BOOKMARK [0][-]{chapter*.7}{\376\377\000L\000i\000s\000t\000\040\000o\000f\000\040\000F\000i\000g\000u\000r\000e\000s}{}% 6
\BOOKMARK [0][-]{section*.8}{\376\377\000S\000y\000m\000b\000o\000l\000s\000\040\000a\000n\000d\000\040\000A\000c\000r\000o\000n\000y\000m\000s}{}% 7
\BOOKMARK [0][-]{chapter.1}{\376\377\000I\000n\000t\000r\000o\000d\000u\000c\000t\000i\000o\000n}{}% 8
\BOOKMARK [1][-]{section.1.1}{\376\377\000B\000a\000c\000k\000g\000r\000o\000u\000n\000d\000\040\000a\000n\000d\000\040\000C\000o\000n\000t\000e\000x\000t}{chapter.1}% 9
\BOOKMARK [1][-]{section.1.2}{\376\377\000M\000o\000t\000i\000v\000a\000t\000i\000o\000n}{chapter.1}% 10
\BOOKMARK [1][-]{section.1.3}{\376\377\000P\000r\000o\000b\000l\000e\000m\000\040\000S\000t\000a\000t\000e\000m\000e\000n\000t}{chapter.1}% 11
\BOOKMARK [1][-]{section.1.4}{\376\377\000O\000b\000j\000e\000c\000t\000i\000v\000e\000s}{chapter.1}% 12
\BOOKMARK [1][-]{section.1.5}{\376\377\000S\000c\000o\000p\000e\000\040\000o\000f\000\040\000t\000h\000e\000\040\000P\000r\000o\000j\000e\000c\000t}{chapter.1}% 13
\BOOKMARK [0][-]{chapter.2}{\376\377\000L\000i\000t\000e\000r\000a\000t\000u\000r\000e\000\040\000R\000e\000v\000i\000e\000w}{}% 14
\BOOKMARK [1][-]{section.2.1}{\376\377\000S\000e\000e\000d\000\040\000Q\000u\000a\000l\000i\000t\000y\000\040\000A\000s\000s\000e\000s\000s\000m\000e\000n\000t\000:\000\040\000T\000r\000a\000d\000i\000t\000i\000o\000n\000a\000l\000\040\000M\000e\000t\000h\000o\000d\000s}{chapter.2}% 15
\BOOKMARK [1][-]{section.2.2}{\376\377\000D\000e\000e\000p\000\040\000L\000e\000a\000r\000n\000i\000n\000g\000\040\000f\000o\000r\000\040\000A\000g\000r\000i\000c\000u\000l\000t\000u\000r\000a\000l\000\040\000I\000m\000a\000g\000e\000\040\000C\000l\000a\000s\000s\000i\000f\000i\000c\000a\000t\000i\000o\000n}{chapter.2}% 16
\BOOKMARK [1][-]{section.2.3}{\376\377\000T\000r\000a\000n\000s\000f\000e\000r\000\040\000L\000e\000a\000r\000n\000i\000n\000g\000\040\000a\000n\000d\000\040\000R\000e\000s\000N\000e\000t\000\040\000A\000r\000c\000h\000i\000t\000e\000c\000t\000u\000r\000e\000s}{chapter.2}% 17
\BOOKMARK [1][-]{section.2.4}{\376\377\000F\000a\000r\000m\000e\000r\000\040\000F\000e\000e\000d\000b\000a\000c\000k\000\040\000S\000y\000s\000t\000e\000m\000s}{chapter.2}% 18
\BOOKMARK [1][-]{section.2.5}{\376\377\000W\000e\000b\000-\000B\000a\000s\000e\000d\000\040\000A\000g\000r\000i\000c\000u\000l\000t\000u\000r\000a\000l\000\040\000P\000l\000a\000t\000f\000o\000r\000m\000s}{chapter.2}% 19
\BOOKMARK [1][-]{section.2.6}{\376\377\000R\000e\000v\000i\000e\000w\000\040\000o\000f\000\040\000R\000e\000l\000a\000t\000e\000d\000\040\000W\000o\000r\000k}{chapter.2}% 20
\BOOKMARK [1][-]{section.2.7}{\376\377\000S\000u\000m\000m\000a\000r\000y\000\040\000a\000n\000d\000\040\000R\000e\000s\000e\000a\000r\000c\000h\000\040\000G\000a\000p\000s}{chapter.2}% 21
\BOOKMARK [0][-]{chapter.3}{\376\377\000S\000y\000s\000t\000e\000m\000\040\000D\000e\000s\000i\000g\000n\000\040\000a\000n\000d\000\040\000A\000r\000c\000h\000i\000t\000e\000c\000t\000u\000r\000e}{}% 22
\BOOKMARK [1][-]{section.3.1}{\376\377\000S\000y\000s\000t\000e\000m\000\040\000A\000r\000c\000h\000i\000t\000e\000c\000t\000u\000r\000e}{chapter.3}% 23
\BOOKMARK [2][-]{subsection.3.1.1}{\376\377\000H\000i\000g\000h\000-\000L\000e\000v\000e\000l\000\040\000A\000r\000c\000h\000i\000t\000e\000c\000t\000u\000r\000e}{section.3.1}% 24
\BOOKMARK [2][-]{subsection.3.1.2}{\376\377\000D\000a\000t\000a\000\040\000F\000l\000o\000w\000\040\000D\000i\000a\000g\000r\000a\000m}{section.3.1}% 25
\BOOKMARK [2][-]{subsection.3.1.3}{\376\377\000E\000n\000t\000i\000t\000y\000-\000R\000e\000l\000a\000t\000i\000o\000n\000s\000h\000i\000p\000\040\000D\000i\000a\000g\000r\000a\000m}{section.3.1}% 26
\BOOKMARK [0][-]{chapter.4}{\376\377\000D\000e\000e\000p\000\040\000L\000e\000a\000r\000n\000i\000n\000g\000\040\000M\000o\000d\000e\000l\000\040\000f\000o\000r\000\040\000P\000a\000d\000d\000y\000\040\000S\000e\000e\000d\000\040\000Q\000u\000a\000l\000i\000t\000y\000\040\000A\000s\000s\000e\000s\000s\000m\000e\000n\000t}{}% 27
\BOOKMARK [1][-]{section.4.1}{\376\377\000D\000a\000t\000a\000s\000e\000t\000\040\000D\000e\000s\000c\000r\000i\000p\000t\000i\000o\000n}{chapter.4}% 28
\BOOKMARK [2][-]{subsection.4.1.1}{\376\377\000D\000a\000t\000a\000\040\000S\000o\000u\000r\000c\000e\000s\000\040\000a\000n\000d\000\040\000C\000o\000l\000l\000e\000c\000t\000i\000o\000n\000\040\000\050\000K\000a\000g\000g\000l\000e\000\051}{section.4.1}% 29
\BOOKMARK [3][-]{subsubsection.4.1.1.1}{\376\377\000P\000u\000b\000l\000i\000c\000\040\000S\000o\000u\000r\000c\000e}{subsection.4.1.1}% 30
\BOOKMARK [3][-]{subsubsection.4.1.1.2}{\376\377\000C\000u\000s\000t\000o\000m\000\040\000S\000o\000u\000r\000c\000e}{subsection.4.1.1}% 31
\BOOKMARK [2][-]{subsection.4.1.2}{\376\377\000D\000a\000t\000a\000s\000e\000t\000\040\000S\000t\000a\000t\000i\000s\000t\000i\000c\000s\000\040\000a\000n\000d\000\040\000C\000l\000a\000s\000s\000\040\000D\000i\000s\000t\000r\000i\000b\000u\000t\000i\000o\000n}{section.4.1}% 32
\BOOKMARK [2][-]{subsection.4.1.3}{\376\377\000T\000r\000a\000i\000n\000/\000V\000a\000l\000i\000d\000a\000t\000i\000o\000n\000/\000T\000e\000s\000t\000\040\000S\000p\000l\000i\000t\000\040\000S\000t\000r\000a\000t\000e\000g\000y}{section.4.1}% 33
\BOOKMARK [2][-]{subsection.4.1.4}{\376\377\000D\000a\000t\000a\000\040\000P\000r\000e\000p\000r\000o\000c\000e\000s\000s\000i\000n\000g\000\040\000a\000n\000d\000\040\000A\000u\000g\000m\000e\000n\000t\000a\000t\000i\000o\000n}{section.4.1}% 34
\BOOKMARK [1][-]{section.4.2}{\376\377\000M\000o\000d\000e\000l\000\040\000A\000r\000c\000h\000i\000t\000e\000c\000t\000u\000r\000e}{chapter.4}% 35
\BOOKMARK [2][-]{subsection.4.2.1}{\376\377\000R\000e\000s\000N\000e\000t\0005\0000\000\040\000B\000a\000c\000k\000b\000o\000n\000e\000\040\000\050\0002\0005\000.\0006\000M\000\040\000P\000a\000r\000a\000m\000e\000t\000e\000r\000s\000\051}{section.4.2}% 36
\BOOKMARK [2][-]{subsection.4.2.2}{\376\377\000C\000u\000s\000t\000o\000m\000\040\000C\000l\000a\000s\000s\000i\000f\000i\000c\000a\000t\000i\000o\000n\000\040\000H\000e\000a\000d}{section.4.2}% 37
\BOOKMARK [2][-]{subsection.4.2.3}{\376\377\000A\000n\000t\000i\000-\000O\000v\000e\000r\000f\000i\000t\000t\000i\000n\000g\000\040\000T\000e\000c\000h\000n\000i\000q\000u\000e\000s}{section.4.2}% 38
\BOOKMARK [1][-]{section.4.3}{\376\377\000D\000U\000S\000\040\000P\000a\000r\000a\000m\000e\000t\000e\000r\000\040\000I\000n\000t\000e\000g\000r\000a\000t\000i\000o\000n}{chapter.4}% 39
\BOOKMARK [2][-]{subsection.4.3.1}{\376\377\000F\000e\000a\000t\000u\000r\000e\000\040\000E\000x\000t\000r\000a\000c\000t\000i\000o\000n\040\024\0001\0007\000\040\000P\000h\000y\000s\000i\000c\000a\000l\000\040\000P\000a\000r\000a\000m\000e\000t\000e\000r\000s}{section.4.3}% 40
\BOOKMARK [2][-]{subsection.4.3.2}{\376\377\000P\000i\000x\000e\000l\000-\000t\000o\000-\000P\000h\000y\000s\000i\000c\000a\000l\000\040\000U\000n\000i\000t\000\040\000C\000o\000n\000v\000e\000r\000s\000i\000o\000n}{section.4.3}% 41
\BOOKMARK [2][-]{subsection.4.3.3}{\376\377\000V\000a\000r\000i\000e\000t\000y\000\040\000M\000a\000t\000c\000h\000i\000n\000g\000\040\000\050\0001\0002\000\040\000R\000e\000f\000e\000r\000e\000n\000c\000e\000\040\000V\000a\000r\000i\000e\000t\000i\000e\000s\000\051}{section.4.3}% 42
\BOOKMARK [1][-]{section.4.4}{\376\377\000T\000r\000a\000i\000n\000i\000n\000g\000\040\000P\000i\000p\000e\000l\000i\000n\000e}{chapter.4}% 43
\BOOKMARK [2][-]{subsection.4.4.1}{\376\377\000P\000h\000a\000s\000e\000\040\0001\040\024\000C\000l\000a\000s\000s\000i\000f\000i\000c\000a\000t\000i\000o\000n\000\040\000H\000e\000a\000d\000\040\000T\000r\000a\000i\000n\000i\000n\000g\000\040\000\050\000E\000p\000o\000c\000h\000s\000\040\0001\040\023\0008\000\051}{section.4.4}% 44
\BOOKMARK [2][-]{subsection.4.4.2}{\376\377\000P\000h\000a\000s\000e\000\040\0002\040\024\000F\000u\000l\000l\000\040\000F\000i\000n\000e\000-\000T\000u\000n\000i\000n\000g\000\040\000\050\000E\000p\000o\000c\000h\000s\000\040\0009\040\023\0001\0005\000\051}{section.4.4}% 45
\BOOKMARK [2][-]{subsection.4.4.3}{\376\377\000H\000y\000p\000e\000r\000p\000a\000r\000a\000m\000e\000t\000e\000r\000\040\000C\000o\000n\000f\000i\000g\000u\000r\000a\000t\000i\000o\000n\000\040\000a\000n\000d\000\040\000O\000p\000t\000i\000m\000i\000s\000e\000r}{section.4.4}% 46
\BOOKMARK [2][-]{subsection.4.4.4}{\376\377\000M\000o\000d\000e\000l\000\040\000E\000x\000p\000o\000r\000t\000\040\000F\000o\000r\000m\000a\000t\000s}{section.4.4}% 47
\BOOKMARK [1][-]{section.4.5}{\376\377\000M\000o\000d\000e\000l\000\040\000D\000e\000p\000l\000o\000y\000m\000e\000n\000t}{chapter.4}% 48
\BOOKMARK [2][-]{subsection.4.5.1}{\376\377\000S\000e\000r\000v\000i\000n\000g\000\040\000I\000n\000f\000r\000a\000s\000t\000r\000u\000c\000t\000u\000r\000e}{section.4.5}% 49
\BOOKMARK [2][-]{subsection.4.5.2}{\376\377\000C\000o\000n\000t\000a\000i\000n\000e\000r\000i\000s\000a\000t\000i\000o\000n\000\040\000a\000n\000d\000\040\000C\000I\000/\000C\000D\000\040\000P\000i\000p\000e\000l\000i\000n\000e}{section.4.5}% 50
\BOOKMARK [1][-]{section.4.6}{\376\377\000M\000o\000d\000e\000l\000\040\000C\000o\000m\000p\000a\000r\000i\000s\000o\000n\000\040\000a\000n\000d\000\040\000S\000e\000l\000e\000c\000t\000i\000o\000n}{chapter.4}% 51
\BOOKMARK [1][-]{section.4.7}{\376\377\000F\000i\000n\000a\000l\000\040\000M\000o\000d\000e\000l\000\040\000P\000e\000r\000f\000o\000r\000m\000a\000n\000c\000e\000\040\000S\000u\000m\000m\000a\000r\000y}{chapter.4}% 52
\BOOKMARK [0][-]{chapter.5}{\376\377\000M\000o\000d\000e\000l\000\040\000S\000e\000r\000v\000i\000n\000g\000\040\000A\000P\000I}{}% 53
\BOOKMARK [1][-]{section.5.1}{\376\377\000A\000P\000I\000\040\000A\000r\000c\000h\000i\000t\000e\000c\000t\000u\000r\000e\000\040\000a\000n\000d\000\040\000R\000e\000q\000u\000e\000s\000t\000\040\000O\000r\000c\000h\000e\000s\000t\000r\000a\000t\000i\000o\000n}{chapter.5}% 54
\BOOKMARK [2][-]{subsection.5.1.1}{\376\377\000F\000a\000s\000t\000A\000P\000I\000\040\000a\000n\000d\000\040\000A\000S\000G\000I\000\040\000S\000e\000r\000v\000i\000n\000g\000\040\000S\000t\000a\000c\000k}{section.5.1}% 55
\BOOKMARK [2][-]{subsection.5.1.2}{\376\377\000E\000n\000d\000-\000t\000o\000-\000E\000n\000d\000\040\000M\000o\000d\000e\000l\000\040\000R\000e\000q\000u\000e\000s\000t\000\040\000F\000l\000o\000w}{section.5.1}% 56
\BOOKMARK [1][-]{section.5.2}{\376\377\000I\000n\000f\000e\000r\000e\000n\000c\000e\000\040\000E\000x\000e\000c\000u\000t\000i\000o\000n\000\040\000a\000n\000d\000\040\000P\000r\000e\000p\000r\000o\000c\000e\000s\000s\000i\000n\000g\000\040\000P\000i\000p\000e\000l\000i\000n\000e}{chapter.5}% 57
\BOOKMARK [2][-]{subsection.5.2.1}{\376\377\000T\000e\000n\000s\000o\000r\000\040\000N\000o\000r\000m\000a\000l\000i\000z\000a\000t\000i\000o\000n\000\040\000M\000a\000t\000h\000e\000m\000a\000t\000i\000c\000s}{section.5.2}% 58
\BOOKMARK [2][-]{subsection.5.2.2}{\376\377\000C\000o\000n\000f\000i\000d\000e\000n\000c\000e\000\040\000S\000c\000o\000r\000i\000n\000g\000\040\000a\000n\000d\000\040\000L\000a\000t\000e\000n\000c\000y\000\040\000T\000e\000l\000e\000m\000e\000t\000r\000y}{section.5.2}% 59
\BOOKMARK [1][-]{section.5.3}{\376\377\000A\000P\000I\000\040\000S\000p\000e\000c\000i\000f\000i\000c\000a\000t\000i\000o\000n\000\040\000a\000n\000d\000\040\000E\000n\000d\000p\000o\000i\000n\000t\000\040\000C\000o\000n\000t\000r\000a\000c\000t\000s}{chapter.5}% 60
\BOOKMARK [1][-]{section.5.4}{\376\377\000C\000o\000n\000t\000a\000i\000n\000e\000r\000i\000s\000a\000t\000i\000o\000n\000\040\000a\000n\000d\000\040\000D\000e\000p\000l\000o\000y\000m\000e\000n\000t\000\040\000A\000r\000c\000h\000i\000t\000e\000c\000t\000u\000r\000e}{chapter.5}% 61
\BOOKMARK [1][-]{section.5.5}{\376\377\000C\000o\000n\000f\000i\000g\000u\000r\000a\000t\000i\000o\000n\000\040\000a\000n\000d\000\040\000D\000e\000f\000e\000n\000s\000i\000v\000e\000\040\000S\000e\000c\000u\000r\000i\000t\000y\000\040\000H\000a\000r\000d\000e\000n\000i\000n\000g}{chapter.5}% 62
\BOOKMARK [1][-]{section.5.6}{\376\377\000S\000u\000m\000m\000a\000r\000y}{chapter.5}% 63
\BOOKMARK [0][-]{chapter.6}{\376\377\000B\000a\000c\000k\000e\000n\000d\000\040\000S\000y\000s\000t\000e\000m\000\040\000A\000r\000c\000h\000i\000t\000e\000c\000t\000u\000r\000e\000\040\000a\000n\000d\000\040\000I\000m\000p\000l\000e\000m\000e\000n\000t\000a\000t\000i\000o\000n}{}% 64
\BOOKMARK [0][-]{chapter.7}{\376\377\000B\000a\000c\000k\000e\000n\000d\000\040\000S\000y\000s\000t\000e\000m\000\040\000A\000r\000c\000h\000i\000t\000e\000c\000t\000u\000r\000e\000\040\000a\000n\000d\000\040\000I\000m\000p\000l\000e\000m\000e\000n\000t\000a\000t\000i\000o\000n}{}% 65
\BOOKMARK [1][-]{section.7.1}{\376\377\000A\000r\000c\000h\000i\000t\000e\000c\000t\000u\000r\000a\000l\000\040\000D\000e\000s\000i\000g\000n}{chapter.7}% 66
\BOOKMARK [1][-]{section.7.2}{\376\377\000T\000e\000c\000h\000n\000o\000l\000o\000g\000y\000\040\000S\000t\000a\000c\000k}{chapter.7}% 67
\BOOKMARK [1][-]{section.7.3}{\376\377\000P\000r\000o\000j\000e\000c\000t\000\040\000S\000t\000r\000u\000c\000t\000u\000r\000e}{chapter.7}% 68
\BOOKMARK [1][-]{section.7.4}{\376\377\000D\000o\000m\000a\000i\000n\000\040\000L\000a\000y\000e\000r}{chapter.7}% 69
\BOOKMARK [2][-]{subsection.7.4.1}{\376\377\000C\000o\000r\000e\000\040\000E\000n\000t\000i\000t\000i\000e\000s}{section.7.4}% 70
\BOOKMARK [2][-]{subsection.7.4.2}{\376\377\000I\000n\000t\000e\000r\000f\000a\000c\000e\000s}{section.7.4}% 71
\BOOKMARK [1][-]{section.7.5}{\376\377\000A\000p\000p\000l\000i\000c\000a\000t\000i\000o\000n\000\040\000L\000a\000y\000e\000r}{chapter.7}% 72
\BOOKMARK [2][-]{subsection.7.5.1}{\376\377\000A\000p\000p\000l\000i\000c\000a\000t\000i\000o\000n\000\040\000S\000e\000r\000v\000i\000c\000e\000s}{section.7.5}% 73
\BOOKMARK [2][-]{subsection.7.5.2}{\376\377\000D\000T\000O\000s}{section.7.5}% 74
\BOOKMARK [2][-]{subsection.7.5.3}{\376\377\000V\000a\000l\000i\000d\000a\000t\000i\000o\000n}{section.7.5}% 75
\BOOKMARK [1][-]{section.7.6}{\376\377\000I\000n\000f\000r\000a\000s\000t\000r\000u\000c\000t\000u\000r\000e\000\040\000L\000a\000y\000e\000r}{chapter.7}% 76
\BOOKMARK [2][-]{subsection.7.6.1}{\376\377\000D\000a\000t\000a\000b\000a\000s\000e\000\040\000M\000a\000n\000a\000g\000e\000m\000e\000n\000t}{section.7.6}% 77
\BOOKMARK [2][-]{subsection.7.6.2}{\376\377\000R\000e\000p\000o\000s\000i\000t\000o\000r\000y\000\040\000P\000a\000t\000t\000e\000r\000n}{section.7.6}% 78
\BOOKMARK [2][-]{subsection.7.6.3}{\376\377\000A\000I\000\040\000a\000n\000d\000\040\000C\000l\000o\000u\000d\000\040\000I\000n\000t\000e\000g\000r\000a\000t\000i\000o\000n\000s}{section.7.6}% 79
\BOOKMARK [1][-]{section.7.7}{\376\377\000D\000a\000t\000a\000b\000a\000s\000e\000\040\000S\000c\000h\000e\000m\000a}{chapter.7}% 80
\BOOKMARK [1][-]{section.7.8}{\376\377\000P\000r\000e\000s\000e\000n\000t\000a\000t\000i\000o\000n\000\040\000L\000a\000y\000e\000r}{chapter.7}% 81
\BOOKMARK [2][-]{subsection.7.8.1}{\376\377\000A\000P\000I\000\040\000C\000o\000n\000t\000r\000o\000l\000l\000e\000r\000s}{section.7.8}% 82
\BOOKMARK [2][-]{subsection.7.8.2}{\376\377\000M\000i\000d\000d\000l\000e\000w\000a\000r\000e}{section.7.8}% 83
\BOOKMARK [1][-]{section.7.9}{\376\377\000A\000u\000t\000h\000e\000n\000t\000i\000c\000a\000t\000i\000o\000n\000\040\000a\000n\000d\000\040\000S\000e\000c\000u\000r\000i\000t\000y}{chapter.7}% 84
\BOOKMARK [1][-]{section.7.10}{\376\377\000V\000e\000r\000i\000f\000i\000c\000a\000t\000i\000o\000n\000\040\000W\000o\000r\000k\000f\000l\000o\000w}{chapter.7}% 85
\BOOKMARK [1][-]{section.7.11}{\376\377\000C\000o\000n\000f\000i\000g\000u\000r\000a\000t\000i\000o\000n\000\040\000a\000n\000d\000\040\000D\000e\000p\000l\000o\000y\000m\000e\000n\000t}{chapter.7}% 86
\BOOKMARK [1][-]{section.7.12}{\376\377\000S\000u\000m\000m\000a\000r\000y}{chapter.7}% 87
\BOOKMARK [0][-]{chapter.8}{\376\377\000F\000r\000o\000n\000t\000e\000n\000d\000\040\000S\000y\000s\000t\000e\000m\000\040\000A\000r\000c\000h\000i\000t\000e\000c\000t\000u\000r\000e\000\040\000a\000n\000d\000\040\000I\000m\000p\000l\000e\000m\000e\000n\000t\000a\000t\000i\000o\000n}{}% 88
\BOOKMARK [1][-]{section.8.1}{\376\377\000F\000r\000o\000n\000t\000e\000n\000d\000\040\000A\000r\000c\000h\000i\000t\000e\000c\000t\000u\000r\000e\000\040\000a\000n\000d\000\040\000D\000e\000s\000i\000g\000n\000\040\000P\000a\000t\000t\000e\000r\000n\000s}{chapter.8}% 89
\BOOKMARK [2][-]{subsection.8.1.1}{\376\377\000A\000r\000c\000h\000i\000t\000e\000c\000t\000u\000r\000a\000l\000\040\000L\000a\000y\000e\000r\000s}{section.8.1}% 90
\BOOKMARK [2][-]{subsection.8.1.2}{\376\377\000S\000e\000c\000u\000r\000e\000\040\000P\000r\000o\000x\000y\000\040\000A\000r\000c\000h\000i\000t\000e\000c\000t\000u\000r\000e}{section.8.1}% 91
\BOOKMARK [1][-]{section.8.2}{\376\377\000T\000e\000c\000h\000n\000o\000l\000o\000g\000y\000\040\000S\000t\000a\000c\000k\000\040\000A\000n\000a\000l\000y\000s\000i\000s}{chapter.8}% 92
\BOOKMARK [1][-]{section.8.3}{\376\377\000M\000o\000d\000u\000l\000a\000r\000\040\000P\000r\000o\000j\000e\000c\000t\000\040\000S\000t\000r\000u\000c\000t\000u\000r\000e}{chapter.8}% 93
\BOOKMARK [1][-]{section.8.4}{\376\377\000R\000o\000u\000t\000i\000n\000g\000\040\000T\000o\000p\000o\000l\000o\000g\000y\000\040\000a\000n\000d\000\040\000A\000c\000c\000e\000s\000s\000\040\000C\000o\000n\000t\000r\000o\000l}{chapter.8}% 94
\BOOKMARK [2][-]{subsection.8.4.1}{\376\377\000R\000o\000l\000e\000\040\000P\000a\000r\000t\000i\000t\000i\000o\000n\000i\000n\000g}{section.8.4}% 95
\BOOKMARK [2][-]{subsection.8.4.2}{\376\377\000R\000o\000u\000t\000e\000\040\000P\000r\000o\000t\000e\000c\000t\000i\000o\000n\000\040\000M\000i\000d\000d\000l\000e\000w\000a\000r\000e}{section.8.4}% 96
\BOOKMARK [1][-]{section.8.5}{\376\377\000A\000u\000t\000h\000e\000n\000t\000i\000c\000a\000t\000i\000o\000n\000\040\000a\000n\000d\000\040\000S\000e\000c\000u\000r\000e\000\040\000P\000e\000r\000s\000i\000s\000t\000e\000n\000c\000e}{chapter.8}% 97
\BOOKMARK [2][-]{subsection.8.5.1}{\376\377\000T\000o\000k\000e\000n\000\040\000S\000t\000o\000r\000a\000g\000e\000\040\000A\000r\000c\000h\000i\000t\000e\000c\000t\000u\000r\000e}{section.8.5}% 98
\BOOKMARK [2][-]{subsection.8.5.2}{\376\377\000A\000u\000t\000o\000m\000a\000t\000e\000d\000\040\000T\000o\000k\000e\000n\000\040\000R\000o\000t\000a\000t\000i\000o\000n}{section.8.5}% 99
\BOOKMARK [1][-]{section.8.6}{\376\377\000A\000P\000I\000\040\000I\000n\000t\000e\000g\000r\000a\000t\000i\000o\000n\000\040\000a\000n\000d\000\040\000T\000y\000p\000e\000\040\000S\000a\000f\000e\000t\000y}{chapter.8}% 100
\BOOKMARK [1][-]{section.8.7}{\376\377\000S\000t\000a\000t\000e\000\040\000M\000a\000n\000a\000g\000e\000m\000e\000n\000t}{chapter.8}% 101
\BOOKMARK [2][-]{subsection.8.7.1}{\376\377\000A\000s\000y\000n\000c\000h\000r\000o\000n\000o\000u\000s\000\040\000S\000e\000r\000v\000e\000r\000\040\000S\000t\000a\000t\000e\000\040\000\050\000T\000a\000n\000S\000t\000a\000c\000k\000\040\000Q\000u\000e\000r\000y\000\051}{section.8.7}% 102
\BOOKMARK [2][-]{subsection.8.7.2}{\376\377\000S\000y\000n\000c\000h\000r\000o\000n\000o\000u\000s\000\040\000C\000l\000i\000e\000n\000t\000\040\000S\000t\000a\000t\000e\000\040\000\050\000Z\000u\000s\000t\000a\000n\000d\000\051}{section.8.7}% 103
\BOOKMARK [1][-]{section.8.8}{\376\377\000R\000e\000s\000p\000o\000n\000s\000i\000v\000e\000\040\000U\000I\000\040\000D\000e\000s\000i\000g\000n\000\040\000a\000n\000d\000\040\000F\000i\000e\000l\000d\000\040\000U\000s\000a\000b\000i\000l\000i\000t\000y}{chapter.8}% 104
\BOOKMARK [2][-]{subsection.8.8.1}{\376\377\000S\000t\000a\000n\000d\000a\000r\000d\000i\000z\000e\000d\000\040\000U\000I\000\040\000L\000i\000b\000r\000a\000r\000y}{section.8.8}% 105
\BOOKMARK [2][-]{subsection.8.8.2}{\376\377\000A\000c\000c\000e\000s\000s\000i\000b\000i\000l\000i\000t\000y\000\040\000E\000n\000h\000a\000n\000c\000e\000m\000e\000n\000t\000s}{section.8.8}% 106
\BOOKMARK [1][-]{section.8.9}{\376\377\000S\000u\000m\000m\000a\000r\000y}{chapter.8}% 107
\BOOKMARK [0][-]{chapter.9}{\376\377\000S\000y\000s\000t\000e\000m\000\040\000I\000n\000t\000e\000g\000r\000a\000t\000i\000o\000n}{}% 108
\BOOKMARK [1][-]{section.9.1}{\376\377\000S\000y\000s\000t\000e\000m\000\040\000I\000n\000t\000e\000g\000r\000a\000t\000i\000o\000n\000\040\000M\000a\000t\000r\000i\000x}{chapter.9}% 109
\BOOKMARK [1][-]{section.9.2}{\376\377\000E\000n\000d\000-\000t\000o\000-\000E\000n\000d\000\040\000A\000r\000c\000h\000i\000t\000e\000c\000t\000u\000r\000a\000l\000\040\000W\000o\000r\000k\000f\000l\000o\000w}{chapter.9}% 110
\BOOKMARK [0][-]{chapter.10}{\376\377\000R\000e\000s\000u\000l\000t\000s\000\040\000a\000n\000d\000\040\000E\000v\000a\000l\000u\000a\000t\000i\000o\000n}{}% 111
\BOOKMARK [1][-]{section.10.1}{\376\377\000M\000o\000d\000e\000l\000\040\000P\000e\000r\000f\000o\000r\000m\000a\000n\000c\000e}{chapter.10}% 112
\BOOKMARK [2][-]{subsection.10.1.1}{\376\377\000A\000c\000c\000u\000r\000a\000c\000y\000,\000\040\000P\000r\000e\000c\000i\000s\000i\000o\000n\000,\000\040\000R\000e\000c\000a\000l\000l\000,\000\040\000a\000n\000d\000\040\000F\0001\000\040\000S\000c\000o\000r\000e}{section.10.1}% 113
\BOOKMARK [1][-]{section.10.2}{\376\377\000B\000i\000n\000a\000r\000y\000\040\000Q\000u\000a\000l\000i\000t\000y\000\040\000P\000e\000r\000f\000o\000r\000m\000a\000n\000c\000e\000:\000\040\000P\000u\000r\000e\000\040\000v\000s\000.\000\040\000I\000m\000p\000u\000r\000e\000\040\000S\000e\000e\000d\000s}{chapter.10}% 114
\BOOKMARK [1][-]{section.10.3}{\376\377\000C\000o\000n\000f\000u\000s\000i\000o\000n\000\040\000M\000a\000t\000r\000i\000x\000\040\000A\000n\000a\000l\000y\000s\000i\000s}{chapter.10}% 115
\BOOKMARK [1][-]{section.10.4}{\376\377\000R\000e\000g\000u\000l\000a\000r\000i\000z\000a\000t\000i\000o\000n\000\040\000E\000f\000f\000e\000c\000t\000i\000v\000e\000n\000e\000s\000s}{chapter.10}% 116
\BOOKMARK [1][-]{section.10.5}{\376\377\000M\000o\000d\000e\000l\000\040\000C\000o\000m\000p\000a\000r\000i\000s\000o\000n\000\040\000a\000n\000d\000\040\000A\000r\000c\000h\000i\000t\000e\000c\000t\000u\000r\000e\000\040\000S\000e\000l\000e\000c\000t\000i\000o\000n}{chapter.10}% 117
\BOOKMARK [1][-]{section.10.6}{\376\377\000S\000y\000s\000t\000e\000m\000\040\000P\000e\000r\000f\000o\000r\000m\000a\000n\000c\000e\000\040\000a\000n\000d\000\040\000P\000r\000o\000d\000u\000c\000t\000i\000o\000n\000\040\000L\000a\000t\000e\000n\000c\000y}{chapter.10}% 118
\BOOKMARK [2][-]{subsection.10.6.1}{\376\377\000A\000P\000I\000\040\000I\000n\000f\000e\000r\000e\000n\000c\000e\000\040\000L\000a\000t\000e\000n\000c\000y\000\040\000B\000e\000n\000c\000h\000m\000a\000r\000k\000s}{section.10.6}% 119
\BOOKMARK [2][-]{subsection.10.6.2}{\376\377\000B\000a\000c\000k\000e\000n\000d\000\040\000A\000P\000I\000\040\000R\000e\000s\000p\000o\000n\000s\000i\000v\000e\000n\000e\000s\000s\000\040\000a\000n\000d\000\040\000S\000e\000r\000v\000e\000r\000\040\000T\000h\000r\000o\000u\000g\000h\000p\000u\000t}{section.10.6}% 120
\BOOKMARK [1][-]{section.10.7}{\376\377\000F\000u\000n\000c\000t\000i\000o\000n\000a\000l\000\040\000V\000e\000r\000i\000f\000i\000c\000a\000t\000i\000o\000n\000\040\000a\000n\000d\000\040\000T\000e\000s\000t\000\040\000E\000x\000e\000c\000u\000t\000i\000o\000n}{chapter.10}% 121
\BOOKMARK [2][-]{subsection.10.7.1}{\376\377\000S\000e\000e\000d\000\040\000V\000e\000r\000i\000f\000i\000c\000a\000t\000i\000o\000n\000\040\000T\000e\000s\000t\000\040\000E\000x\000e\000c\000u\000t\000i\000o\000n}{section.10.7}% 122
\BOOKMARK [2][-]{subsection.10.7.2}{\376\377\000G\000r\000i\000e\000v\000a\000n\000c\000e\000\040\000M\000a\000n\000a\000g\000e\000m\000e\000n\000t\000\040\000T\000e\000s\000t\000\040\000E\000x\000e\000c\000u\000t\000i\000o\000n}{section.10.7}% 123
\BOOKMARK [2][-]{subsection.10.7.3}{\376\377\000R\000o\000l\000e\000-\000B\000a\000s\000e\000d\000\040\000A\000c\000c\000e\000s\000s\000\040\000C\000o\000n\000t\000r\000o\000l\000\040\000a\000n\000d\000\040\000S\000e\000c\000u\000r\000i\000t\000y\000\040\000T\000e\000s\000t\000i\000n\000g}{section.10.7}% 124
\BOOKMARK [1][-]{section.10.8}{\376\377\000S\000y\000s\000t\000e\000m\000\040\000U\000s\000e\000r\000\040\000I\000n\000t\000e\000r\000f\000a\000c\000e\000s\000\040\000a\000n\000d\000\040\000O\000p\000e\000r\000a\000t\000i\000o\000n\000a\000l\000\040\000W\000o\000r\000k\000f\000l\000o\000w\000s}{chapter.10}% 125
\BOOKMARK [2][-]{subsection.10.8.1}{\376\377\000P\000u\000b\000l\000i\000c\000\040\000P\000o\000r\000t\000a\000l\000,\000\040\000O\000n\000b\000o\000a\000r\000d\000i\000n\000g\000,\000\040\000a\000n\000d\000\040\000M\000u\000l\000t\000i\000l\000i\000n\000g\000u\000a\000l\000\040\000S\000u\000p\000p\000o\000r\000t}{section.10.8}% 126
\BOOKMARK [2][-]{subsection.10.8.2}{\376\377\000F\000a\000r\000m\000e\000r\000\040\000P\000o\000r\000t\000a\000l\000\040\000a\000n\000d\000\040\000A\000I\000\040\000S\000e\000e\000d\000\040\000Q\000u\000a\000l\000i\000t\000y\000\040\000A\000s\000s\000e\000s\000s\000m\000e\000n\000t\000\040\000W\000o\000r\000k\000f\000l\000o\000w}{section.10.8}% 127
\BOOKMARK [2][-]{subsection.10.8.3}{\376\377\000G\000r\000i\000e\000v\000a\000n\000c\000e\000\040\000R\000e\000d\000r\000e\000s\000s\000a\000l\000\040\000a\000n\000d\000\040\000O\000f\000f\000i\000c\000e\000r\000\040\000I\000n\000v\000e\000s\000t\000i\000g\000a\000t\000i\000o\000n\000\040\000I\000n\000t\000e\000r\000f\000a\000c\000e\000s}{section.10.8}% 128
\BOOKMARK [2][-]{subsection.10.8.4}{\376\377\000P\000l\000a\000t\000f\000o\000r\000m\000\040\000A\000d\000m\000i\000n\000i\000s\000t\000r\000a\000t\000i\000o\000n\000,\000\040\000U\000s\000e\000r\000\040\000G\000o\000v\000e\000r\000n\000a\000n\000c\000e\000,\000\040\000a\000n\000d\000\040\000T\000e\000l\000e\000m\000e\000t\000r\000y}{section.10.8}% 129
\BOOKMARK [1][-]{section.10.9}{\376\377\000C\000h\000a\000l\000l\000e\000n\000g\000e\000s\000\040\000E\000n\000c\000o\000u\000n\000t\000e\000r\000e\000d\000\040\000a\000n\000d\000\040\000M\000i\000t\000i\000g\000a\000t\000i\000o\000n\000\040\000S\000t\000r\000a\000t\000e\000g\000i\000e\000s}{chapter.10}% 130
\BOOKMARK [1][-]{section.10.10}{\376\377\000S\000u\000m\000m\000a\000r\000y\000\040\000a\000n\000d\000\040\000S\000y\000s\000t\000e\000m\000\040\000L\000i\000m\000i\000t\000a\000t\000i\000o\000n\000s}{chapter.10}% 131
\BOOKMARK [0][-]{chapter.11}{\376\377\000C\000o\000n\000c\000l\000u\000s\000i\000o\000n\000\040\000A\000n\000d\000\040\000F\000u\000t\000u\000r\000e\000\040\000W\000o\000r\000k}{}% 132
\BOOKMARK [1][-]{section.11.1}{\376\377\000S\000u\000m\000m\000a\000r\000y\000\040\000o\000f\000\040\000W\000o\000r\000k}{chapter.11}% 133
\BOOKMARK [1][-]{section.11.2}{\376\377\000K\000e\000y\000\040\000C\000o\000n\000t\000r\000i\000b\000u\000t\000i\000o\000n\000s\000\040\000a\000n\000d\000\040\000F\000i\000n\000d\000i\000n\000g\000s}{chapter.11}% 134
\BOOKMARK [2][-]{subsection.11.2.1}{\376\377\000A\000I\000-\000B\000a\000s\000e\000d\000\040\000A\000u\000t\000o\000m\000a\000t\000e\000d\000\040\000P\000a\000d\000d\000y\000\040\000S\000e\000e\000d\000\040\000C\000l\000a\000s\000s\000i\000f\000i\000c\000a\000t\000i\000o\000n}{section.11.2}% 135
\BOOKMARK [2][-]{subsection.11.2.2}{\376\377\000I\000n\000t\000e\000g\000r\000a\000t\000i\000o\000n\000\040\000o\000f\000\040\000M\000u\000l\000t\000i\000p\000l\000e\000\040\000A\000I\000\040\000S\000e\000r\000v\000i\000c\000e\000s}{section.11.2}% 136
\BOOKMARK [2][-]{subsection.11.2.3}{\376\377\000D\000U\000S\000\040\000P\000a\000r\000a\000m\000e\000t\000e\000r\000\040\000E\000v\000a\000l\000u\000a\000t\000i\000o\000n}{section.11.2}% 137
\BOOKMARK [2][-]{subsection.11.2.4}{\376\377\000R\000e\000a\000l\000-\000T\000i\000m\000e\000\040\000F\000a\000r\000m\000e\000r\000\040\000A\000s\000s\000i\000s\000t\000a\000n\000c\000e}{section.11.2}% 138
\BOOKMARK [2][-]{subsection.11.2.5}{\376\377\000S\000e\000c\000u\000r\000e\000\040\000a\000n\000d\000\040\000S\000c\000a\000l\000a\000b\000l\000e\000\040\000S\000y\000s\000t\000e\000m\000\040\000A\000r\000c\000h\000i\000t\000e\000c\000t\000u\000r\000e}{section.11.2}% 139
\BOOKMARK [2][-]{subsection.11.2.6}{\376\377\000C\000o\000m\000p\000l\000a\000i\000n\000t\000\040\000R\000e\000d\000r\000e\000s\000s\000a\000l\000\040\000a\000n\000d\000\040\000G\000o\000v\000e\000r\000n\000a\000n\000c\000e\000\040\000W\000o\000r\000k\000f\000l\000o\000w}{section.11.2}% 140
\BOOKMARK [2][-]{subsection.11.2.7}{\376\377\000R\000e\000d\000u\000c\000t\000i\000o\000n\000\040\000o\000f\000\040\000M\000a\000n\000u\000a\000l\000\040\000D\000e\000p\000e\000n\000d\000e\000n\000c\000y}{section.11.2}% 141
\BOOKMARK [2][-]{subsection.11.2.8}{\376\377\000C\000l\000o\000u\000d\000-\000N\000a\000t\000i\000v\000e\000\040\000A\000I\000\040\000D\000e\000p\000l\000o\000y\000m\000e\000n\000t}{section.11.2}% 142
\BOOKMARK [1][-]{section.11.3}{\376\377\000F\000u\000t\000u\000r\000e\000\040\000E\000n\000h\000a\000n\000c\000e\000m\000e\000n\000t\000s}{chapter.11}% 143
\BOOKMARK [2][-]{subsection.11.3.1}{\376\377\000O\000f\000f\000l\000i\000n\000e\000-\000F\000i\000r\000s\000t\000\040\000P\000r\000o\000g\000r\000e\000s\000s\000i\000v\000e\000\040\000W\000e\000b\000\040\000A\000p\000p\000l\000i\000c\000a\000t\000i\000o\000n\000\040\000\050\000P\000W\000A\000\051}{section.11.3}% 144
\BOOKMARK [2][-]{subsection.11.3.2}{\376\377\000E\000n\000h\000a\000n\000c\000e\000d\000\040\000S\000e\000c\000u\000r\000i\000t\000y\000\040\000M\000e\000c\000h\000a\000n\000i\000s\000m\000s}{section.11.3}% 145
\BOOKMARK [2][-]{subsection.11.3.3}{\376\377\000B\000l\000o\000c\000k\000c\000h\000a\000i\000n\000-\000B\000a\000s\000e\000d\000\040\000V\000e\000r\000i\000f\000i\000c\000a\000t\000i\000o\000n\000\040\000L\000e\000d\000g\000e\000r}{section.11.3}% 146
\BOOKMARK [2][-]{subsection.11.3.4}{\376\377\000I\000o\000T\000\040\000a\000n\000d\000\040\000S\000m\000a\000r\000t\000\040\000A\000g\000r\000i\000c\000u\000l\000t\000u\000r\000e\000\040\000I\000n\000t\000e\000g\000r\000a\000t\000i\000o\000n}{section.11.3}% 147
\BOOKMARK [2][-]{subsection.11.3.5}{\376\377\000E\000x\000p\000a\000n\000s\000i\000o\000n\000\040\000t\000o\000\040\000M\000u\000l\000t\000i\000p\000l\000e\000\040\000C\000r\000o\000p\000\040\000V\000a\000r\000i\000e\000t\000i\000e\000s}{section.11.3}% 148
\BOOKMARK [2][-]{subsection.11.3.6}{\376\377\000M\000o\000b\000i\000l\000e\000\040\000A\000p\000p\000l\000i\000c\000a\000t\000i\000o\000n\000\040\000D\000e\000v\000e\000l\000o\000p\000m\000e\000n\000t}{section.11.3}% 149
\BOOKMARK [2][-]{subsection.11.3.7}{\376\377\000M\000u\000l\000t\000i\000l\000i\000n\000g\000u\000a\000l\000\040\000F\000a\000r\000m\000e\000r\000\040\000A\000s\000s\000i\000s\000t\000a\000n\000c\000e}{section.11.3}% 150
\BOOKMARK [2][-]{subsection.11.3.8}{\376\377\000A\000d\000v\000a\000n\000c\000e\000d\000\040\000A\000n\000a\000l\000y\000t\000i\000c\000s\000\040\000D\000a\000s\000h\000b\000o\000a\000r\000d}{section.11.3}% 151
\BOOKMARK [2][-]{subsection.11.3.9}{\376\377\000F\000e\000d\000e\000r\000a\000t\000e\000d\000\040\000L\000e\000a\000r\000n\000i\000n\000g\000\040\000f\000o\000r\000\040\000P\000r\000i\000v\000a\000c\000y\000-\000P\000r\000e\000s\000e\000r\000v\000i\000n\000g\000\040\000A\000I}{section.11.3}% 152
\BOOKMARK [2][-]{subsection.11.3.10}{\376\377\000E\000x\000p\000l\000a\000i\000n\000a\000b\000l\000e\000\040\000A\000I\000\040\000\050\000X\000A\000I\000\051}{section.11.3}% 153
\BOOKMARK [1][-]{section.11.4}{\376\377\000C\000o\000n\000c\000l\000u\000s\000i\000o\000n}{chapter.11}% 154
\BOOKMARK [0][-]{section*.62}{\376\377\000R\000e\000f\000e\000r\000e\000n\000c\000e\000s}{}% 155
