\BOOKMARK [0][-]{section*.1}{\376\377\000B\000O\000N\000A\000F\000I\000D\000E\000\040\000C\000E\000R\000T\000I\000F\000I\000C\000A\000T\000E}{}% 1
\BOOKMARK [0][-]{section*.2}{\376\377\000D\000E\000C\000L\000A\000R\000A\000T\000I\000O\000N}{}% 2
\BOOKMARK [0][-]{section*.3}{\376\377\000A\000C\000K\000N\000O\000W\000L\000E\000D\000G\000E\000M\000E\000N\000T}{}% 3
\BOOKMARK [0][-]{section*.4}{\376\377\000A\000B\000S\000T\000R\000A\000C\000T}{}% 4
\BOOKMARK [0][-]{chapter*.6}{\376\377\000L\000i\000s\000t\000\040\000o\000f\000\040\000T\000a\000b\000l\000e\000s}{}% 5
\BOOKMARK [0][-]{chapter*.7}{\376\377\000L\000i\000s\000t\000\040\000o\000f\000\040\000F\000i\000g\000u\000r\000e\000s}{}% 6
\BOOKMARK [0][-]{section*.8}{\376\377\000S\000y\000m\000b\000o\000l\000s\000\040\000a\000n\000d\000\040\000A\000c\000r\000o\000n\000y\000m\000s}{}% 7
\BOOKMARK [0][-]{chapter.1}{\376\377\000I\000n\000t\000r\000o\000d\000u\000c\000t\000i\000o\000n}{}% 8
\BOOKMARK [1][-]{section.1.1}{\376\377\000B\000a\000c\000k\000g\000r\000o\000u\000n\000d\000\040\000a\000n\000d\000\040\000C\000o\000n\000t\000e\000x\000t}{chapter.1}% 9
\BOOKMARK [1][-]{section.1.2}{\376\377\000M\000o\000t\000i\000v\000a\000t\000i\000o\000n}{chapter.1}% 10
\BOOKMARK [1][-]{section.1.3}{\376\377\000P\000r\000o\000b\000l\000e\000m\000\040\000S\000t\000a\000t\000e\000m\000e\000n\000t}{chapter.1}% 11
\BOOKMARK [1][-]{section.1.4}{\376\377\000O\000b\000j\000e\000c\000t\000i\000v\000e\000s}{chapter.1}% 12
\BOOKMARK [1][-]{section.1.5}{\376\377\000S\000c\000o\000p\000e\000\040\000o\000f\000\040\000t\000h\000e\000\040\000P\000r\000o\000j\000e\000c\000t}{chapter.1}% 13
\BOOKMARK [0][-]{chapter.2}{\376\377\000L\000i\000t\000e\000r\000a\000t\000u\000r\000e\000\040\000R\000e\000v\000i\000e\000w}{}% 14
\BOOKMARK [1][-]{section.2.1}{\376\377\000S\000e\000e\000d\000\040\000Q\000u\000a\000l\000i\000t\000y\000\040\000A\000s\000s\000e\000s\000s\000m\000e\000n\000t\000:\000\040\000T\000r\000a\000d\000i\000t\000i\000o\000n\000a\000l\000\040\000M\000e\000t\000h\000o\000d\000s}{chapter.2}% 15
\BOOKMARK [1][-]{section.2.2}{\376\377\000D\000e\000e\000p\000\040\000L\000e\000a\000r\000n\000i\000n\000g\000\040\000f\000o\000r\000\040\000A\000g\000r\000i\000c\000u\000l\000t\000u\000r\000a\000l\000\040\000I\000m\000a\000g\000e\000\040\000C\000l\000a\000s\000s\000i\000f\000i\000c\000a\000t\000i\000o\000n}{chapter.2}% 16
\BOOKMARK [1][-]{section.2.3}{\376\377\000T\000r\000a\000n\000s\000f\000e\000r\000\040\000L\000e\000a\000r\000n\000i\000n\000g\000\040\000a\000n\000d\000\040\000R\000e\000s\000N\000e\000t\000\040\000A\000r\000c\000h\000i\000t\000e\000c\000t\000u\000r\000e\000s}{chapter.2}% 17
\BOOKMARK [1][-]{section.2.4}{\376\377\000F\000a\000r\000m\000e\000r\000\040\000F\000e\000e\000d\000b\000a\000c\000k\000\040\000S\000y\000s\000t\000e\000m\000s}{chapter.2}% 18
\BOOKMARK [1][-]{section.2.5}{\376\377\000W\000e\000b\000-\000B\000a\000s\000e\000d\000\040\000A\000g\000r\000i\000c\000u\000l\000t\000u\000r\000a\000l\000\040\000P\000l\000a\000t\000f\000o\000r\000m\000s}{chapter.2}% 19
\BOOKMARK [1][-]{section.2.6}{\376\377\000R\000e\000v\000i\000e\000w\000\040\000o\000f\000\040\000R\000e\000l\000a\000t\000e\000d\000\040\000W\000o\000r\000k}{chapter.2}% 20
\BOOKMARK [1][-]{section.2.7}{\376\377\000S\000u\000m\000m\000a\000r\000y\000\040\000a\000n\000d\000\040\000R\000e\000s\000e\000a\000r\000c\000h\000\040\000G\000a\000p\000s}{chapter.2}% 21
\BOOKMARK [0][-]{chapter.3}{\376\377\000S\000y\000s\000t\000e\000m\000\040\000D\000e\000s\000i\000g\000n\000\040\000a\000n\000d\000\040\000A\000r\000c\000h\000i\000t\000e\000c\000t\000u\000r\000e}{}% 22
\BOOKMARK [1][-]{section.3.1}{\376\377\000O\000v\000e\000r\000a\000l\000l\000\040\000S\000y\000s\000t\000e\000m\000\040\000A\000r\000c\000h\000i\000t\000e\000c\000t\000u\000r\000e}{chapter.3}% 23
\BOOKMARK [2][-]{subsection.3.1.1}{\376\377\000B\000a\000c\000k\000e\000n\000d\000\040\000A\000r\000c\000h\000i\000t\000e\000c\000t\000u\000r\000a\000l\000\040\000L\000a\000y\000e\000r\000s}{section.3.1}% 24
\BOOKMARK [1][-]{section.3.2}{\376\377\000F\000u\000n\000c\000t\000i\000o\000n\000a\000l\000\040\000R\000e\000q\000u\000i\000r\000e\000m\000e\000n\000t\000s}{chapter.3}% 25
\BOOKMARK [2][-]{subsection.3.2.1}{\376\377\000F\000R\000-\0000\0001\000:\000\040\000U\000s\000e\000r\000\040\000R\000e\000g\000i\000s\000t\000r\000a\000t\000i\000o\000n\000\040\000a\000n\000d\000\040\000A\000u\000t\000h\000e\000n\000t\000i\000c\000a\000t\000i\000o\000n}{section.3.2}% 26
\BOOKMARK [2][-]{subsection.3.2.2}{\376\377\000F\000R\000-\0000\0002\000:\000\040\000S\000e\000e\000d\000\040\000V\000e\000r\000i\000f\000i\000c\000a\000t\000i\000o\000n}{section.3.2}% 27
\BOOKMARK [2][-]{subsection.3.2.3}{\376\377\000F\000R\000-\0000\0003\000:\000\040\000C\000o\000m\000p\000l\000a\000i\000n\000t\000\040\000M\000a\000n\000a\000g\000e\000m\000e\000n\000t}{section.3.2}% 28
\BOOKMARK [2][-]{subsection.3.2.4}{\376\377\000F\000R\000-\0000\0004\000:\000\040\000R\000o\000l\000e\000-\000B\000a\000s\000e\000d\000\040\000D\000a\000s\000h\000b\000o\000a\000r\000d\000s}{section.3.2}% 29
\BOOKMARK [2][-]{subsection.3.2.5}{\376\377\000F\000R\000-\0000\0005\000:\000\040\000B\000a\000t\000c\000h\000\040\000R\000i\000s\000k\000\040\000R\000e\000g\000i\000s\000t\000r\000y}{section.3.2}% 30
\BOOKMARK [2][-]{subsection.3.2.6}{\376\377\000F\000R\000-\0000\0006\000:\000\040\000D\000e\000e\000p\000\040\000L\000e\000a\000r\000n\000i\000n\000g\000\040\000M\000o\000d\000e\000l\000\040\000I\000n\000f\000e\000r\000e\000n\000c\000e}{section.3.2}% 31
\BOOKMARK [1][-]{section.3.3}{\376\377\000N\000o\000n\000-\000F\000u\000n\000c\000t\000i\000o\000n\000a\000l\000\040\000R\000e\000q\000u\000i\000r\000e\000m\000e\000n\000t\000s}{chapter.3}% 32
\BOOKMARK [1][-]{section.3.4}{\376\377\000T\000o\000o\000l\000s\000\040\000a\000n\000d\000\040\000T\000e\000c\000h\000n\000o\000l\000o\000g\000i\000e\000s}{chapter.3}% 33
\BOOKMARK [2][-]{subsection.3.4.1}{\376\377\000D\000e\000e\000p\000\040\000L\000e\000a\000r\000n\000i\000n\000g\000\040\000S\000t\000a\000c\000k\000\040\000\050\000P\000y\000T\000o\000r\000c\000h\000\040\000a\000n\000d\000\040\000R\000e\000s\000N\000e\000t\000-\0005\0000\000\051}{section.3.4}% 34
\BOOKMARK [2][-]{subsection.3.4.2}{\376\377\000B\000a\000c\000k\000e\000n\000d\000\040\000S\000t\000a\000c\000k\000\040\000\050\000A\000S\000P\000.\000N\000E\000T\000\040\000C\000o\000r\000e\000\040\0008\000,\000\040\000S\000Q\000L\000\040\000S\000e\000r\000v\000e\000r\000,\000\040\000a\000n\000d\000\040\000A\000z\000u\000r\000e\000\051}{section.3.4}% 35
\BOOKMARK [2][-]{subsection.3.4.3}{\376\377\000M\000o\000d\000e\000l\000\040\000S\000e\000r\000v\000i\000n\000g\000\040\000\050\000F\000a\000s\000t\000A\000P\000I\000\040\000a\000n\000d\000\040\000D\000o\000c\000k\000e\000r\000\051}{section.3.4}% 36
\BOOKMARK [2][-]{subsection.3.4.4}{\376\377\000F\000r\000o\000n\000t\000e\000n\000d\000\040\000S\000t\000a\000c\000k\000\040\000\050\000N\000e\000x\000t\000.\000j\000s\000,\000\040\000T\000y\000p\000e\000S\000c\000r\000i\000p\000t\000,\000\040\000a\000n\000d\000\040\000T\000a\000n\000S\000t\000a\000c\000k\000\040\000Q\000u\000e\000r\000y\000\051}{section.3.4}% 37
\BOOKMARK [1][-]{section.3.5}{\376\377\000S\000y\000s\000t\000e\000m\000\040\000A\000r\000c\000h\000i\000t\000e\000c\000t\000u\000r\000e\000\040\000D\000i\000a\000g\000r\000a\000m\000s}{chapter.3}% 38
\BOOKMARK [2][-]{subsection.3.5.1}{\376\377\000H\000i\000g\000h\000-\000L\000e\000v\000e\000l\000\040\000A\000r\000c\000h\000i\000t\000e\000c\000t\000u\000r\000e}{section.3.5}% 39
\BOOKMARK [2][-]{subsection.3.5.2}{\376\377\000D\000a\000t\000a\000\040\000F\000l\000o\000w\000\040\000D\000i\000a\000g\000r\000a\000m}{section.3.5}% 40
\BOOKMARK [2][-]{subsection.3.5.3}{\376\377\000E\000n\000t\000i\000t\000y\000-\000R\000e\000l\000a\000t\000i\000o\000n\000s\000h\000i\000p\000\040\000D\000i\000a\000g\000r\000a\000m}{section.3.5}% 41
\BOOKMARK [0][-]{chapter.4}{\376\377\000D\000e\000e\000p\000\040\000L\000e\000a\000r\000n\000i\000n\000g\000\040\000M\000o\000d\000e\000l\000\040\000f\000o\000r\000\040\000P\000a\000d\000d\000y\000\040\000S\000e\000e\000d\000\040\000Q\000u\000a\000l\000i\000t\000y\000\040\000A\000s\000s\000e\000s\000s\000m\000e\000n\000t}{}% 42
\BOOKMARK [1][-]{section.4.1}{\376\377\000D\000a\000t\000a\000s\000e\000t\000\040\000D\000e\000s\000c\000r\000i\000p\000t\000i\000o\000n}{chapter.4}% 43
\BOOKMARK [2][-]{subsection.4.1.1}{\376\377\000D\000a\000t\000a\000\040\000S\000o\000u\000r\000c\000e\000s\000\040\000a\000n\000d\000\040\000C\000o\000l\000l\000e\000c\000t\000i\000o\000n\000\040\000\050\000K\000a\000g\000g\000l\000e\000\051}{section.4.1}% 44
\BOOKMARK [3][-]{subsubsection.4.1.1.1}{\376\377\000P\000u\000b\000l\000i\000c\000\040\000S\000o\000u\000r\000c\000e}{subsection.4.1.1}% 45
\BOOKMARK [3][-]{subsubsection.4.1.1.2}{\376\377\000C\000u\000s\000t\000o\000m\000\040\000S\000o\000u\000r\000c\000e}{subsection.4.1.1}% 46
\BOOKMARK [2][-]{subsection.4.1.2}{\376\377\000D\000a\000t\000a\000s\000e\000t\000\040\000S\000t\000a\000t\000i\000s\000t\000i\000c\000s\000\040\000a\000n\000d\000\040\000C\000l\000a\000s\000s\000\040\000D\000i\000s\000t\000r\000i\000b\000u\000t\000i\000o\000n}{section.4.1}% 47
\BOOKMARK [2][-]{subsection.4.1.3}{\376\377\000T\000r\000a\000i\000n\000/\000V\000a\000l\000i\000d\000a\000t\000i\000o\000n\000/\000T\000e\000s\000t\000\040\000S\000p\000l\000i\000t\000\040\000S\000t\000r\000a\000t\000e\000g\000y}{section.4.1}% 48
\BOOKMARK [2][-]{subsection.4.1.4}{\376\377\000D\000a\000t\000a\000\040\000P\000r\000e\000p\000r\000o\000c\000e\000s\000s\000i\000n\000g\000\040\000a\000n\000d\000\040\000A\000u\000g\000m\000e\000n\000t\000a\000t\000i\000o\000n}{section.4.1}% 49
\BOOKMARK [1][-]{section.4.2}{\376\377\000M\000o\000d\000e\000l\000\040\000A\000r\000c\000h\000i\000t\000e\000c\000t\000u\000r\000e}{chapter.4}% 50
\BOOKMARK [2][-]{subsection.4.2.1}{\376\377\000R\000e\000s\000N\000e\000t\0005\0000\000\040\000B\000a\000c\000k\000b\000o\000n\000e\000\040\000\050\0002\0005\000.\0006\000M\000\040\000P\000a\000r\000a\000m\000e\000t\000e\000r\000s\000\051}{section.4.2}% 51
\BOOKMARK [2][-]{subsection.4.2.2}{\376\377\000C\000u\000s\000t\000o\000m\000\040\000C\000l\000a\000s\000s\000i\000f\000i\000c\000a\000t\000i\000o\000n\000\040\000H\000e\000a\000d}{section.4.2}% 52
\BOOKMARK [2][-]{subsection.4.2.3}{\376\377\000A\000n\000t\000i\000-\000O\000v\000e\000r\000f\000i\000t\000t\000i\000n\000g\000\040\000T\000e\000c\000h\000n\000i\000q\000u\000e\000s}{section.4.2}% 53
\BOOKMARK [1][-]{section.4.3}{\376\377\000D\000U\000S\000\040\000P\000a\000r\000a\000m\000e\000t\000e\000r\000\040\000I\000n\000t\000e\000g\000r\000a\000t\000i\000o\000n}{chapter.4}% 54
\BOOKMARK [2][-]{subsection.4.3.1}{\376\377\000F\000e\000a\000t\000u\000r\000e\000\040\000E\000x\000t\000r\000a\000c\000t\000i\000o\000n\040\024\0001\0007\000\040\000P\000h\000y\000s\000i\000c\000a\000l\000\040\000P\000a\000r\000a\000m\000e\000t\000e\000r\000s}{section.4.3}% 55
\BOOKMARK [2][-]{subsection.4.3.2}{\376\377\000P\000i\000x\000e\000l\000-\000t\000o\000-\000P\000h\000y\000s\000i\000c\000a\000l\000\040\000U\000n\000i\000t\000\040\000C\000o\000n\000v\000e\000r\000s\000i\000o\000n}{section.4.3}% 56
\BOOKMARK [2][-]{subsection.4.3.3}{\376\377\000V\000a\000r\000i\000e\000t\000y\000\040\000M\000a\000t\000c\000h\000i\000n\000g\000\040\000\050\0001\0002\000\040\000R\000e\000f\000e\000r\000e\000n\000c\000e\000\040\000V\000a\000r\000i\000e\000t\000i\000e\000s\000\051}{section.4.3}% 57
\BOOKMARK [1][-]{section.4.4}{\376\377\000T\000r\000a\000i\000n\000i\000n\000g\000\040\000P\000i\000p\000e\000l\000i\000n\000e}{chapter.4}% 58
\BOOKMARK [2][-]{subsection.4.4.1}{\376\377\000P\000h\000a\000s\000e\000\040\0001\040\024\000C\000l\000a\000s\000s\000i\000f\000i\000c\000a\000t\000i\000o\000n\000\040\000H\000e\000a\000d\000\040\000T\000r\000a\000i\000n\000i\000n\000g\000\040\000\050\000E\000p\000o\000c\000h\000s\000\040\0001\040\023\0008\000\051}{section.4.4}% 59
\BOOKMARK [2][-]{subsection.4.4.2}{\376\377\000P\000h\000a\000s\000e\000\040\0002\040\024\000F\000u\000l\000l\000\040\000F\000i\000n\000e\000-\000T\000u\000n\000i\000n\000g\000\040\000\050\000E\000p\000o\000c\000h\000s\000\040\0009\040\023\0001\0005\000\051}{section.4.4}% 60
\BOOKMARK [2][-]{subsection.4.4.3}{\376\377\000H\000y\000p\000e\000r\000p\000a\000r\000a\000m\000e\000t\000e\000r\000\040\000C\000o\000n\000f\000i\000g\000u\000r\000a\000t\000i\000o\000n\000\040\000a\000n\000d\000\040\000O\000p\000t\000i\000m\000i\000s\000e\000r}{section.4.4}% 61
\BOOKMARK [2][-]{subsection.4.4.4}{\376\377\000M\000o\000d\000e\000l\000\040\000E\000x\000p\000o\000r\000t\000\040\000F\000o\000r\000m\000a\000t\000s}{section.4.4}% 62
\BOOKMARK [1][-]{section.4.5}{\376\377\000M\000o\000d\000e\000l\000\040\000D\000e\000p\000l\000o\000y\000m\000e\000n\000t}{chapter.4}% 63
\BOOKMARK [2][-]{subsection.4.5.1}{\376\377\000S\000e\000r\000v\000i\000n\000g\000\040\000I\000n\000f\000r\000a\000s\000t\000r\000u\000c\000t\000u\000r\000e}{section.4.5}% 64
\BOOKMARK [2][-]{subsection.4.5.2}{\376\377\000C\000o\000n\000t\000a\000i\000n\000e\000r\000i\000s\000a\000t\000i\000o\000n\000\040\000a\000n\000d\000\040\000C\000I\000/\000C\000D\000\040\000P\000i\000p\000e\000l\000i\000n\000e}{section.4.5}% 65
\BOOKMARK [1][-]{section.4.6}{\376\377\000M\000o\000d\000e\000l\000\040\000C\000o\000m\000p\000a\000r\000i\000s\000o\000n\000\040\000a\000n\000d\000\040\000S\000e\000l\000e\000c\000t\000i\000o\000n}{chapter.4}% 66
\BOOKMARK [1][-]{section.4.7}{\376\377\000F\000i\000n\000a\000l\000\040\000M\000o\000d\000e\000l\000\040\000P\000e\000r\000f\000o\000r\000m\000a\000n\000c\000e\000\040\000S\000u\000m\000m\000a\000r\000y}{chapter.4}% 67
\BOOKMARK [0][-]{chapter.5}{\376\377\000M\000o\000d\000e\000l\000\040\000S\000e\000r\000v\000i\000n\000g\000\040\000A\000P\000I}{}% 68
\BOOKMARK [1][-]{section.5.1}{\376\377\000A\000P\000I\000\040\000A\000r\000c\000h\000i\000t\000e\000c\000t\000u\000r\000e\000\040\000O\000v\000e\000r\000v\000i\000e\000w}{chapter.5}% 69
\BOOKMARK [2][-]{subsection.5.1.1}{\376\377\000F\000a\000s\000t\000A\000P\000I\000\040\000a\000n\000d\000\040\000U\000v\000i\000c\000o\000r\000n\000\040\000S\000e\000r\000v\000i\000n\000g\000\040\000S\000t\000a\000c\000k}{section.5.1}% 70
\BOOKMARK [2][-]{subsection.5.1.2}{\376\377\000E\000n\000d\000-\000t\000o\000-\000E\000n\000d\000\040\000R\000e\000q\000u\000e\000s\000t\000\040\000F\000l\000o\000w}{section.5.1}% 71
\BOOKMARK [2][-]{subsection.5.1.3}{\376\377\000C\000o\000n\000c\000u\000r\000r\000e\000n\000c\000y\000\040\000a\000n\000d\000\040\000P\000e\000r\000f\000o\000r\000m\000a\000n\000c\000e\000\040\000C\000o\000n\000s\000i\000d\000e\000r\000a\000t\000i\000o\000n\000s}{section.5.1}% 72
\BOOKMARK [1][-]{section.5.2}{\376\377\000I\000n\000f\000e\000r\000e\000n\000c\000e\000\040\000P\000i\000p\000e\000l\000i\000n\000e}{chapter.5}% 73
\BOOKMARK [2][-]{subsection.5.2.1}{\376\377\000I\000n\000p\000u\000t\000\040\000P\000r\000e\000p\000r\000o\000c\000e\000s\000s\000i\000n\000g\000\040\000a\000n\000d\000\040\000N\000o\000r\000m\000a\000l\000i\000z\000a\000t\000i\000o\000n}{section.5.2}% 74
\BOOKMARK [3][-]{subsubsection.5.2.1.1}{\376\377\000A\000c\000c\000e\000p\000t\000e\000d\000\040\000I\000n\000p\000u\000t\000\040\000F\000o\000r\000m\000a\000t\000s}{subsection.5.2.1}% 75
\BOOKMARK [3][-]{subsubsection.5.2.1.2}{\376\377\000P\000r\000e\000p\000r\000o\000c\000e\000s\000s\000i\000n\000g\000\040\000W\000o\000r\000k\000f\000l\000o\000w}{subsection.5.2.1}% 76
\BOOKMARK [3][-]{subsubsection.5.2.1.3}{\376\377\000I\000n\000p\000u\000t\000\040\000V\000a\000l\000i\000d\000a\000t\000i\000o\000n\000\040\000a\000n\000d\000\040\000E\000r\000r\000o\000r\000\040\000H\000a\000n\000d\000l\000i\000n\000g}{subsection.5.2.1}% 77
\BOOKMARK [2][-]{subsection.5.2.2}{\376\377\000P\000r\000e\000d\000i\000c\000t\000i\000o\000n\000\040\000a\000n\000d\000\040\000C\000o\000n\000f\000i\000d\000e\000n\000c\000e\000\040\000S\000c\000o\000r\000i\000n\000g}{section.5.2}% 78
\BOOKMARK [3][-]{subsubsection.5.2.2.1}{\376\377\000I\000n\000f\000e\000r\000e\000n\000c\000e\000\040\000E\000x\000e\000c\000u\000t\000i\000o\000n}{subsection.5.2.2}% 79
\BOOKMARK [3][-]{subsubsection.5.2.2.2}{\376\377\000T\000o\000p\000-\0001\000\040\000P\000r\000e\000d\000i\000c\000t\000i\000o\000n}{subsection.5.2.2}% 80
\BOOKMARK [3][-]{subsubsection.5.2.2.3}{\376\377\000C\000o\000n\000f\000i\000d\000e\000n\000c\000e\000\040\000C\000a\000l\000i\000b\000r\000a\000t\000i\000o\000n}{subsection.5.2.2}% 81
\BOOKMARK [2][-]{subsection.5.2.3}{\376\377\000L\000a\000t\000e\000n\000c\000y\000\040\000M\000e\000a\000s\000u\000r\000e\000m\000e\000n\000t}{section.5.2}% 82
\BOOKMARK [3][-]{subsubsection.5.2.3.1}{\376\377\000I\000n\000f\000e\000r\000e\000n\000c\000e\000\040\000T\000i\000m\000i\000n\000g}{subsection.5.2.3}% 83
\BOOKMARK [3][-]{subsubsection.5.2.3.2}{\376\377\000M\000e\000a\000s\000u\000r\000e\000m\000e\000n\000t\000\040\000M\000e\000t\000h\000o\000d\000o\000l\000o\000g\000y}{subsection.5.2.3}% 84
\BOOKMARK [3][-]{subsubsection.5.2.3.3}{\376\377\000O\000p\000e\000r\000a\000t\000i\000o\000n\000a\000l\000\040\000I\000m\000p\000o\000r\000t\000a\000n\000c\000e\000\040\000o\000f\000\040\000L\000a\000t\000e\000n\000c\000y\000\040\000M\000e\000t\000r\000i\000c\000s}{subsection.5.2.3}% 85
\BOOKMARK [1][-]{section.5.3}{\376\377\000A\000P\000I\000\040\000S\000p\000e\000c\000i\000f\000i\000c\000a\000t\000i\000o\000n}{chapter.5}% 86
\BOOKMARK [2][-]{subsection.5.3.1}{\376\377\000P\000O\000S\000T\000\040\000/\000p\000r\000e\000d\000i\000c\000t\000\040\000E\000n\000d\000p\000o\000i\000n\000t}{section.5.3}% 87
\BOOKMARK [3][-]{subsubsection.5.3.1.1}{\376\377\000P\000u\000r\000p\000o\000s\000e}{subsection.5.3.1}% 88
\BOOKMARK [3][-]{subsubsection.5.3.1.2}{\376\377\000R\000e\000q\000u\000e\000s\000t\000\040\000F\000o\000r\000m\000a\000t}{subsection.5.3.1}% 89
\BOOKMARK [4][-]{paragraph.5.3.1.2.1}{\376\377\000H\000T\000T\000P\000\040\000M\000e\000t\000h\000o\000d}{subsubsection.5.3.1.2}% 90
\BOOKMARK [4][-]{paragraph.5.3.1.2.2}{\376\377\000E\000n\000d\000p\000o\000i\000n\000t\000\040\000P\000a\000t\000h}{subsubsection.5.3.1.2}% 91
\BOOKMARK [4][-]{paragraph.5.3.1.2.3}{\376\377\000C\000o\000n\000t\000e\000n\000t\000\040\000T\000y\000p\000e}{subsubsection.5.3.1.2}% 92
\BOOKMARK [4][-]{paragraph.5.3.1.2.4}{\376\377\000R\000e\000q\000u\000e\000s\000t\000\040\000P\000a\000r\000a\000m\000e\000t\000e\000r\000s}{subsubsection.5.3.1.2}% 93
\BOOKMARK [3][-]{subsubsection.5.3.1.3}{\376\377\000R\000e\000s\000p\000o\000n\000s\000e\000\040\000F\000o\000r\000m\000a\000t}{subsection.5.3.1}% 94
\BOOKMARK [3][-]{subsubsection.5.3.1.4}{\376\377\000E\000r\000r\000o\000r\000\040\000R\000e\000s\000p\000o\000n\000s\000e\000s}{subsection.5.3.1}% 95
\BOOKMARK [2][-]{subsection.5.3.2}{\376\377\000G\000E\000T\000\040\000/\000h\000e\000a\000l\000t\000h\000\040\000E\000n\000d\000p\000o\000i\000n\000t}{section.5.3}% 96
\BOOKMARK [3][-]{subsubsection.5.3.2.1}{\376\377\000P\000u\000r\000p\000o\000s\000e}{subsection.5.3.2}% 97
\BOOKMARK [3][-]{subsubsection.5.3.2.2}{\376\377\000R\000e\000q\000u\000e\000s\000t\000\040\000S\000p\000e\000c\000i\000f\000i\000c\000a\000t\000i\000o\000n}{subsection.5.3.2}% 98
\BOOKMARK [3][-]{subsubsection.5.3.2.3}{\376\377\000R\000e\000s\000p\000o\000n\000s\000e\000\040\000F\000o\000r\000m\000a\000t}{subsection.5.3.2}% 99
\BOOKMARK [3][-]{subsubsection.5.3.2.4}{\376\377\000L\000i\000v\000e\000n\000e\000s\000s\000\040\000a\000n\000d\000\040\000R\000e\000a\000d\000i\000n\000e\000s\000s\000\040\000C\000h\000e\000c\000k\000s}{subsection.5.3.2}% 100
\BOOKMARK [1][-]{section.5.4}{\376\377\000C\000o\000n\000t\000a\000i\000n\000e\000r\000i\000z\000a\000t\000i\000o\000n\000\040\000a\000n\000d\000\040\000D\000e\000p\000l\000o\000y\000m\000e\000n\000t}{chapter.5}% 101
\BOOKMARK [2][-]{subsection.5.4.1}{\376\377\000D\000o\000c\000k\000e\000r\000\040\000M\000u\000l\000t\000i\000-\000S\000t\000a\000g\000e\000\040\000B\000u\000i\000l\000d\000\040\000A\000r\000c\000h\000i\000t\000e\000c\000t\000u\000r\000e}{section.5.4}% 102
\BOOKMARK [3][-]{subsubsection.5.4.1.1}{\376\377\000B\000u\000i\000l\000d\000e\000r\000\040\000S\000t\000a\000g\000e}{subsection.5.4.1}% 103
\BOOKMARK [3][-]{subsubsection.5.4.1.2}{\376\377\000R\000u\000n\000t\000i\000m\000e\000\040\000S\000t\000a\000g\000e}{subsection.5.4.1}% 104
\BOOKMARK [2][-]{subsection.5.4.2}{\376\377\000D\000e\000p\000l\000o\000y\000m\000e\000n\000t\000\040\000C\000o\000n\000s\000i\000d\000e\000r\000a\000t\000i\000o\000n\000s}{section.5.4}% 105
\BOOKMARK [1][-]{section.5.5}{\376\377\000C\000o\000n\000f\000i\000g\000u\000r\000a\000t\000i\000o\000n\000\040\000a\000n\000d\000\040\000E\000n\000v\000i\000r\000o\000n\000m\000e\000n\000t\000\040\000M\000a\000n\000a\000g\000e\000m\000e\000n\000t}{chapter.5}% 106
\BOOKMARK [2][-]{subsection.5.5.1}{\376\377\000E\000n\000v\000i\000r\000o\000n\000m\000e\000n\000t\000-\000B\000a\000s\000e\000d\000\040\000C\000o\000n\000f\000i\000g\000u\000r\000a\000t\000i\000o\000n}{section.5.5}% 107
\BOOKMARK [2][-]{subsection.5.5.2}{\376\377\000S\000e\000c\000r\000e\000t\000s\000\040\000M\000a\000n\000a\000g\000e\000m\000e\000n\000t}{section.5.5}% 108
\BOOKMARK [1][-]{section.5.6}{\376\377\000S\000e\000c\000u\000r\000i\000t\000y\000\040\000C\000o\000n\000s\000i\000d\000e\000r\000a\000t\000i\000o\000n\000s}{chapter.5}% 109
\BOOKMARK [2][-]{subsection.5.6.1}{\376\377\000T\000h\000r\000e\000a\000t\000\040\000M\000o\000d\000e\000l}{section.5.6}% 110
\BOOKMARK [2][-]{subsection.5.6.2}{\376\377\000I\000n\000p\000u\000t\000\040\000H\000a\000r\000d\000e\000n\000i\000n\000g}{section.5.6}% 111
\BOOKMARK [2][-]{subsection.5.6.3}{\376\377\000T\000r\000a\000n\000s\000p\000o\000r\000t\000\040\000S\000e\000c\000u\000r\000i\000t\000y}{section.5.6}% 112
\BOOKMARK [2][-]{subsection.5.6.4}{\376\377\000R\000a\000t\000e\000\040\000L\000i\000m\000i\000t\000i\000n\000g\000\040\000a\000n\000d\000\040\000A\000b\000u\000s\000e\000\040\000P\000r\000e\000v\000e\000n\000t\000i\000o\000n}{section.5.6}% 113
\BOOKMARK [2][-]{subsection.5.6.5}{\376\377\000L\000o\000g\000g\000i\000n\000g\000\040\000a\000n\000d\000\040\000O\000b\000s\000e\000r\000v\000a\000b\000i\000l\000i\000t\000y}{section.5.6}% 114
\BOOKMARK [1][-]{section.5.7}{\376\377\000S\000u\000m\000m\000a\000r\000y}{chapter.5}% 115
\BOOKMARK [0][-]{chapter.6}{\376\377\000F\000r\000o\000n\000t\000e\000n\000d\000\040\000S\000y\000s\000t\000e\000m\000\040\000A\000r\000c\000h\000i\000t\000e\000c\000t\000u\000r\000e\000\040\000a\000n\000d\000\040\000I\000m\000p\000l\000e\000m\000e\000n\000t\000a\000t\000i\000o\000n}{}% 116
\BOOKMARK [1][-]{section.6.1}{\376\377\000A\000r\000c\000h\000i\000t\000e\000c\000t\000u\000r\000e\000\040\000a\000n\000d\000\040\000D\000e\000s\000i\000g\000n\000\040\000P\000r\000i\000n\000c\000i\000p\000l\000e\000s}{chapter.6}% 117
\BOOKMARK [1][-]{section.6.2}{\376\377\000T\000e\000c\000h\000n\000o\000l\000o\000g\000y\000\040\000S\000t\000a\000c\000k}{chapter.6}% 118
\BOOKMARK [1][-]{section.6.3}{\376\377\000F\000o\000l\000d\000e\000r\000\040\000S\000t\000r\000u\000c\000t\000u\000r\000e\000\040\000a\000n\000d\000\040\000R\000e\000p\000o\000s\000i\000t\000o\000r\000y\000\040\000L\000a\000y\000o\000u\000t}{chapter.6}% 119
\BOOKMARK [1][-]{section.6.4}{\376\377\000R\000o\000u\000t\000i\000n\000g\000\040\000S\000y\000s\000t\000e\000m}{chapter.6}% 120
\BOOKMARK [2][-]{subsection.6.4.1}{\376\377\000A\000p\000p\000\040\000R\000o\000u\000t\000e\000r\000\040\000a\000n\000d\000\040\000R\000o\000u\000t\000e\000\040\000G\000r\000o\000u\000p\000s}{section.6.4}% 121
\BOOKMARK [2][-]{subsection.6.4.2}{\376\377\000R\000o\000l\000e\000-\000B\000a\000s\000e\000d\000\040\000A\000c\000c\000e\000s\000s\000\040\000C\000o\000n\000t\000r\000o\000l}{section.6.4}% 122
\BOOKMARK [3][-]{subsubsection.6.4.2.1}{\376\377\000F\000a\000r\000m\000e\000r\000\040\000P\000o\000r\000t\000a\000l\000\040\040\024\000\040\000V\000e\000r\000i\000f\000i\000c\000a\000t\000i\000o\000n\000\040\000a\000n\000d\000\040\000C\000o\000m\000p\000l\000a\000i\000n\000t\000\040\000W\000o\000r\000k\000f\000l\000o\000w\000s}{subsection.6.4.2}% 123
\BOOKMARK [3][-]{subsubsection.6.4.2.2}{\376\377\000O\000f\000f\000i\000c\000e\000r\000\040\000P\000o\000r\000t\000a\000l\000\040\040\024\000\040\000C\000o\000m\000p\000l\000a\000i\000n\000t\000\040\000P\000r\000o\000c\000e\000s\000s\000i\000n\000g\000\040\000Q\000u\000e\000u\000e}{subsection.6.4.2}% 124
\BOOKMARK [3][-]{subsubsection.6.4.2.3}{\376\377\000A\000d\000m\000i\000n\000\040\000P\000o\000r\000t\000a\000l\000\040\040\024\000\040\000A\000n\000a\000l\000y\000t\000i\000c\000s\000\040\000a\000n\000d\000\040\000M\000a\000n\000a\000g\000e\000m\000e\000n\000t}{subsection.6.4.2}% 125
\BOOKMARK [3][-]{subsubsection.6.4.2.4}{\376\377\000P\000u\000b\000l\000i\000c\000\040\000V\000e\000r\000i\000f\000i\000c\000a\000t\000i\000o\000n\000\040\040\024\000\040\000A\000n\000o\000n\000y\000m\000o\000u\000s\000\040\000S\000c\000a\000n\000n\000e\000r}{subsection.6.4.2}% 126
\BOOKMARK [1][-]{section.6.5}{\376\377\000A\000u\000t\000h\000e\000n\000t\000i\000c\000a\000t\000i\000o\000n\000\040\000F\000l\000o\000w}{chapter.6}% 127
\BOOKMARK [2][-]{subsection.6.5.1}{\376\377\000T\000o\000k\000e\000n\000\040\000S\000t\000o\000r\000a\000g\000e\000\040\000S\000t\000r\000a\000t\000e\000g\000y\000\040\000a\000n\000d\000\040\000Z\000u\000s\000t\000a\000n\000d\000\040\000A\000u\000t\000h\000\040\000S\000t\000o\000r\000e}{section.6.5}% 128
\BOOKMARK [2][-]{subsection.6.5.2}{\376\377\000R\000e\000f\000r\000e\000s\000h\000\040\000T\000o\000k\000e\000n\000\040\000R\000e\000c\000o\000v\000e\000r\000y\000\040\000\050\000A\000x\000i\000o\000s\000\040\0004\0000\0001\000\040\000I\000n\000t\000e\000r\000c\000e\000p\000t\000o\000r\000\051}{section.6.5}% 129
\BOOKMARK [1][-]{section.6.6}{\376\377\000A\000P\000I\000\040\000I\000n\000t\000e\000g\000r\000a\000t\000i\000o\000n}{chapter.6}% 130
\BOOKMARK [2][-]{subsection.6.6.1}{\376\377\000A\000x\000i\000o\000s\000\040\000C\000l\000i\000e\000n\000t\000,\000\040\000R\000e\000q\000u\000e\000s\000t\000\040\000I\000n\000t\000e\000r\000c\000e\000p\000t\000o\000r\000,\000\040\000a\000n\000d\000\040\000P\000r\000o\000x\000y\000\040\000R\000o\000u\000t\000e}{section.6.6}% 131
\BOOKMARK [2][-]{subsection.6.6.2}{\376\377\000E\000n\000d\000p\000o\000i\000n\000t\000\040\000S\000u\000m\000m\000a\000r\000y}{section.6.6}% 132
\BOOKMARK [2][-]{subsection.6.6.3}{\376\377\000S\000t\000a\000t\000e\000\040\000M\000a\000n\000a\000g\000e\000m\000e\000n\000t\000\040\000\050\000T\000a\000n\000S\000t\000a\000c\000k\000\040\000Q\000u\000e\000r\000y\000\040\000a\000n\000d\000\040\000Z\000u\000s\000t\000a\000n\000d\000\051}{section.6.6}% 133
\BOOKMARK [2][-]{subsection.6.6.4}{\376\377\000U\000I\000\040\000C\000o\000m\000p\000o\000n\000e\000n\000t\000\040\000L\000i\000b\000r\000a\000r\000y\000\040\000a\000n\000d\000\040\000D\000e\000s\000i\000g\000n\000\040\000S\000y\000s\000t\000e\000m}{section.6.6}% 134
\BOOKMARK [2][-]{subsection.6.6.5}{\376\377\000R\000e\000s\000p\000o\000n\000s\000i\000v\000e\000\040\000D\000e\000s\000i\000g\000n\000\040\000a\000n\000d\000\040\000A\000c\000c\000e\000s\000s\000i\000b\000i\000l\000i\000t\000y\000\040\000N\000o\000t\000e\000s}{section.6.6}% 135
\BOOKMARK [1][-]{section.6.7}{\376\377\000S\000u\000m\000m\000a\000r\000y}{chapter.6}% 136
\BOOKMARK [0][-]{chapter.7}{\376\377\000B\000a\000c\000k\000e\000n\000d\000\040\000S\000y\000s\000t\000e\000m\000\040\000A\000r\000c\000h\000i\000t\000e\000c\000t\000u\000r\000e\000\040\000a\000n\000d\000\040\000I\000m\000p\000l\000e\000m\000e\000n\000t\000a\000t\000i\000o\000n}{}% 137
\BOOKMARK [1][-]{section.7.1}{\376\377\000A\000r\000c\000h\000i\000t\000e\000c\000t\000u\000r\000a\000l\000\040\000O\000v\000e\000r\000v\000i\000e\000w}{chapter.7}% 138
\BOOKMARK [2][-]{subsection.7.1.1}{\376\377\000A\000r\000c\000h\000i\000t\000e\000c\000t\000u\000r\000a\000l\000\040\000L\000a\000y\000e\000r\000s}{section.7.1}% 139
\BOOKMARK [3][-]{subsubsection.7.1.1.1}{\376\377\000D\000o\000m\000a\000i\000n\000\040\000L\000a\000y\000e\000r}{subsection.7.1.1}% 140
\BOOKMARK [3][-]{subsubsection.7.1.1.2}{\376\377\000A\000p\000p\000l\000i\000c\000a\000t\000i\000o\000n\000\040\000L\000a\000y\000e\000r}{subsection.7.1.1}% 141
\BOOKMARK [3][-]{subsubsection.7.1.1.3}{\376\377\000I\000n\000f\000r\000a\000s\000t\000r\000u\000c\000t\000u\000r\000e\000\040\000L\000a\000y\000e\000r}{subsection.7.1.1}% 142
\BOOKMARK [3][-]{subsubsection.7.1.1.4}{\376\377\000P\000r\000e\000s\000e\000n\000t\000a\000t\000i\000o\000n\000\040\000L\000a\000y\000e\000r\000\040\000\050\000A\000P\000I\000\040\000L\000a\000y\000e\000r\000\051}{subsection.7.1.1}% 143
\BOOKMARK [2][-]{subsection.7.1.2}{\376\377\000A\000r\000c\000h\000i\000t\000e\000c\000t\000u\000r\000a\000l\000\040\000D\000i\000a\000g\000r\000a\000m}{section.7.1}% 144
\BOOKMARK [1][-]{section.7.2}{\376\377\000T\000e\000c\000h\000n\000o\000l\000o\000g\000y\000\040\000S\000t\000a\000c\000k}{chapter.7}% 145
\BOOKMARK [1][-]{section.7.3}{\376\377\000P\000r\000o\000j\000e\000c\000t\000\040\000S\000t\000r\000u\000c\000t\000u\000r\000e\000\040\000A\000n\000a\000l\000y\000s\000i\000s}{chapter.7}% 146
\BOOKMARK [2][-]{subsection.7.3.1}{\376\377\000D\000o\000m\000a\000i\000n\000\040\000L\000a\000y\000e\000r\000\040\000A\000r\000c\000h\000i\000t\000e\000c\000t\000u\000r\000e}{section.7.3}% 147
\BOOKMARK [3][-]{subsubsection.7.3.1.1}{\376\377\000E\000n\000t\000i\000t\000i\000e\000s\000\040\000F\000o\000l\000d\000e\000r\000\040\040\024\000\040\000C\000o\000r\000e\000\040\000B\000u\000s\000i\000n\000e\000s\000s\000\040\000M\000o\000d\000e\000l\000s}{subsection.7.3.1}% 148
\BOOKMARK [3][-]{subsubsection.7.3.1.2}{\376\377\000E\000n\000u\000m\000s\000\040\000F\000o\000l\000d\000e\000r\000\040\040\024\000\040\000S\000y\000s\000t\000e\000m\000\040\000C\000l\000a\000s\000s\000i\000f\000i\000c\000a\000t\000i\000o\000n\000s}{subsection.7.3.1}% 149
\BOOKMARK [3][-]{subsubsection.7.3.1.3}{\376\377\000I\000n\000t\000e\000r\000f\000a\000c\000e\000s\000\040\000F\000o\000l\000d\000e\000r\000\040\040\024\000\040\000S\000e\000r\000v\000i\000c\000e\000\040\000C\000o\000n\000t\000r\000a\000c\000t\000s}{subsection.7.3.1}% 150
\BOOKMARK [3][-]{subsubsection.7.3.1.4}{\376\377\000C\000o\000m\000m\000o\000n\000\040\000F\000o\000l\000d\000e\000r\000\040\040\024\000\040\000S\000h\000a\000r\000e\000d\000\040\000B\000a\000s\000e\000\040\000C\000l\000a\000s\000s\000e\000s}{subsection.7.3.1}% 151
\BOOKMARK [3][-]{subsubsection.7.3.1.5}{\376\377\000E\000x\000c\000e\000p\000t\000i\000o\000n\000s\000\040\000F\000o\000l\000d\000e\000r\000\040\040\024\000\040\000E\000r\000r\000o\000r\000\040\000H\000a\000n\000d\000l\000i\000n\000g\000\040\000S\000t\000r\000a\000t\000e\000g\000y}{subsection.7.3.1}% 152
\BOOKMARK [2][-]{subsection.7.3.2}{\376\377\000I\000n\000f\000r\000a\000s\000t\000r\000u\000c\000t\000u\000r\000e\000\040\000L\000a\000y\000e\000r\000\040\000A\000r\000c\000h\000i\000t\000e\000c\000t\000u\000r\000e}{section.7.3}% 153
\BOOKMARK [3][-]{subsubsection.7.3.2.1}{\376\377\000P\000e\000r\000s\000i\000s\000t\000e\000n\000c\000e\000\040\000F\000o\000l\000d\000e\000r\000\040\040\024\000\040\000D\000a\000t\000a\000\040\000M\000a\000n\000a\000g\000e\000m\000e\000n\000t}{subsection.7.3.2}% 154
\BOOKMARK [4][-]{paragraph.7.3.2.1.1}{\376\377\000A\000p\000p\000l\000i\000c\000a\000t\000i\000o\000n\000D\000b\000C\000o\000n\000t\000e\000x\000t\000.\000c\000s}{subsubsection.7.3.2.1}% 155
\BOOKMARK [4][-]{paragraph.7.3.2.1.2}{\376\377\000U\000n\000i\000t\000O\000f\000W\000o\000r\000k\000.\000c\000s}{subsubsection.7.3.2.1}% 156
\BOOKMARK [4][-]{paragraph.7.3.2.1.3}{\376\377\000R\000e\000p\000o\000s\000i\000t\000o\000r\000y\000\040\000I\000m\000p\000l\000e\000m\000e\000n\000t\000a\000t\000i\000o\000n}{subsubsection.7.3.2.1}% 157
\BOOKMARK [3][-]{subsubsection.7.3.2.2}{\376\377\000C\000o\000n\000f\000i\000g\000u\000r\000a\000t\000i\000o\000n\000s\000\040\000F\000o\000l\000d\000e\000r\000\040\040\024\000\040\000D\000a\000t\000a\000b\000a\000s\000e\000\040\000M\000a\000p\000p\000i\000n\000g}{subsection.7.3.2}% 158
\BOOKMARK [3][-]{subsubsection.7.3.2.3}{\376\377\000M\000i\000g\000r\000a\000t\000i\000o\000n\000s\000\040\000F\000o\000l\000d\000e\000r\000\040\040\024\000\040\000S\000c\000h\000e\000m\000a\000\040\000V\000e\000r\000s\000i\000o\000n\000\040\000C\000o\000n\000t\000r\000o\000l}{subsection.7.3.2}% 159
\BOOKMARK [3][-]{subsubsection.7.3.2.4}{\376\377\000S\000e\000r\000v\000i\000c\000e\000s\000\040\000F\000o\000l\000d\000e\000r\000\040\040\024\000\040\000E\000x\000t\000e\000r\000n\000a\000l\000\040\000I\000n\000t\000e\000g\000r\000a\000t\000i\000o\000n\000s}{subsection.7.3.2}% 160
\BOOKMARK [3][-]{subsubsection.7.3.2.5}{\376\377\000E\000x\000t\000e\000n\000s\000i\000o\000n\000s\000\040\000F\000o\000l\000d\000e\000r\000\040\040\024\000\040\000D\000e\000p\000e\000n\000d\000e\000n\000c\000y\000\040\000I\000n\000j\000e\000c\000t\000i\000o\000n}{subsection.7.3.2}% 161
\BOOKMARK [2][-]{subsection.7.3.3}{\376\377\000A\000p\000p\000l\000i\000c\000a\000t\000i\000o\000n\000\040\000L\000a\000y\000e\000r\000\040\000A\000r\000c\000h\000i\000t\000e\000c\000t\000u\000r\000e}{section.7.3}% 162
\BOOKMARK [3][-]{subsubsection.7.3.3.1}{\376\377\000S\000e\000r\000v\000i\000c\000e\000s\000\040\000S\000u\000b\000f\000o\000l\000d\000e\000r}{subsection.7.3.3}% 163
\BOOKMARK [4][-]{paragraph.7.3.3.1.1}{\376\377\000S\000e\000r\000v\000i\000c\000e\000\040\000I\000n\000t\000e\000r\000f\000a\000c\000e\000s}{subsubsection.7.3.3.1}% 164
\BOOKMARK [4][-]{paragraph.7.3.3.1.2}{\376\377\000S\000e\000r\000v\000i\000c\000e\000\040\000I\000m\000p\000l\000e\000m\000e\000n\000t\000a\000t\000i\000o\000n\000s}{subsubsection.7.3.3.1}% 165
\BOOKMARK [3][-]{subsubsection.7.3.3.2}{\376\377\000D\000T\000O\000s\000\040\000S\000u\000b\000f\000o\000l\000d\000e\000r\000\040\040\024\000\040\000D\000a\000t\000a\000\040\000T\000r\000a\000n\000s\000f\000e\000r\000\040\000O\000b\000j\000e\000c\000t\000s}{subsection.7.3.3}% 166
\BOOKMARK [4][-]{paragraph.7.3.3.2.1}{\376\377\000R\000e\000q\000u\000e\000s\000t\000\040\000D\000T\000O\000s}{subsubsection.7.3.3.2}% 167
\BOOKMARK [4][-]{paragraph.7.3.3.2.2}{\376\377\000R\000e\000s\000p\000o\000n\000s\000e\000\040\000D\000T\000O\000s}{subsubsection.7.3.3.2}% 168
\BOOKMARK [3][-]{subsubsection.7.3.3.3}{\376\377\000V\000a\000l\000i\000d\000a\000t\000o\000r\000s\000\040\000S\000u\000b\000f\000o\000l\000d\000e\000r}{subsection.7.3.3}% 169
\BOOKMARK [3][-]{subsubsection.7.3.3.4}{\376\377\000M\000a\000p\000p\000i\000n\000g\000s\000\040\000S\000u\000b\000f\000o\000l\000d\000e\000r}{subsection.7.3.3}% 170
\BOOKMARK [3][-]{subsubsection.7.3.3.5}{\376\377\000E\000x\000c\000e\000p\000t\000i\000o\000n\000s\000\040\000S\000u\000b\000f\000o\000l\000d\000e\000r}{subsection.7.3.3}% 171
\BOOKMARK [2][-]{subsection.7.3.4}{\376\377\000P\000r\000e\000s\000e\000n\000t\000a\000t\000i\000o\000n\000\040\000L\000a\000y\000e\000r\000\040\000\050\000A\000P\000I\000\051\000\040\000A\000r\000c\000h\000i\000t\000e\000c\000t\000u\000r\000e}{section.7.3}% 172
\BOOKMARK [3][-]{subsubsection.7.3.4.1}{\376\377\000C\000o\000n\000t\000r\000o\000l\000l\000e\000r\000s\000\040\000S\000u\000b\000f\000o\000l\000d\000e\000r}{subsection.7.3.4}% 173
\BOOKMARK [4][-]{paragraph.7.3.4.1.1}{\376\377\000B\000a\000s\000e\000A\000p\000i\000C\000o\000n\000t\000r\000o\000l\000l\000e\000r\000.\000c\000s}{subsubsection.7.3.4.1}% 174
\BOOKMARK [4][-]{paragraph.7.3.4.1.2}{\376\377\000A\000u\000t\000h\000C\000o\000n\000t\000r\000o\000l\000l\000e\000r\000.\000c\000s}{subsubsection.7.3.4.1}% 175
\BOOKMARK [4][-]{paragraph.7.3.4.1.3}{\376\377\000V\000e\000r\000i\000f\000i\000c\000a\000t\000i\000o\000n\000C\000o\000n\000t\000r\000o\000l\000l\000e\000r\000.\000c\000s}{subsubsection.7.3.4.1}% 176
\BOOKMARK [4][-]{paragraph.7.3.4.1.4}{\376\377\000C\000o\000m\000p\000l\000a\000i\000n\000t\000s\000C\000o\000n\000t\000r\000o\000l\000l\000e\000r\000.\000c\000s}{subsubsection.7.3.4.1}% 177
\BOOKMARK [4][-]{paragraph.7.3.4.1.5}{\376\377\000A\000d\000m\000i\000n\000C\000o\000n\000t\000r\000o\000l\000l\000e\000r\000.\000c\000s}{subsubsection.7.3.4.1}% 178
\BOOKMARK [4][-]{paragraph.7.3.4.1.6}{\376\377\000A\000n\000a\000l\000y\000t\000i\000c\000s\000C\000o\000n\000t\000r\000o\000l\000l\000e\000r\000.\000c\000s}{subsubsection.7.3.4.1}% 179
\BOOKMARK [4][-]{paragraph.7.3.4.1.7}{\376\377\000A\000n\000a\000l\000y\000t\000i\000c\000s\000C\000o\000n\000t\000r\000o\000l\000l\000e\000r\000V\0002\000.\000c\000s}{subsubsection.7.3.4.1}% 180
\BOOKMARK [4][-]{paragraph.7.3.4.1.8}{\376\377\000R\000e\000f\000e\000r\000e\000n\000c\000e\000D\000a\000t\000a\000C\000o\000n\000t\000r\000o\000l\000l\000e\000r\000.\000c\000s}{subsubsection.7.3.4.1}% 181
\BOOKMARK [3][-]{subsubsection.7.3.4.2}{\376\377\000M\000i\000d\000d\000l\000e\000w\000a\000r\000e\000\040\000S\000u\000b\000f\000o\000l\000d\000e\000r}{subsection.7.3.4}% 182
\BOOKMARK [4][-]{paragraph.7.3.4.2.1}{\376\377\000E\000x\000c\000e\000p\000t\000i\000o\000n\000H\000a\000n\000d\000l\000i\000n\000g\000M\000i\000d\000d\000l\000e\000w\000a\000r\000e\000.\000c\000s}{subsubsection.7.3.4.2}% 183
\BOOKMARK [4][-]{paragraph.7.3.4.2.2}{\376\377\000R\000e\000q\000u\000e\000s\000t\000L\000o\000g\000g\000i\000n\000g\000M\000i\000d\000d\000l\000e\000w\000a\000r\000e\000.\000c\000s}{subsubsection.7.3.4.2}% 184
\BOOKMARK [4][-]{paragraph.7.3.4.2.3}{\376\377\000A\000u\000t\000h\000e\000n\000t\000i\000c\000a\000t\000i\000o\000n\000M\000i\000d\000d\000l\000e\000w\000a\000r\000e\000.\000c\000s}{subsubsection.7.3.4.2}% 185
\BOOKMARK [3][-]{subsubsection.7.3.4.3}{\376\377\000C\000o\000n\000f\000i\000g\000u\000r\000a\000t\000i\000o\000n\000\040\000F\000i\000l\000e\000s}{subsection.7.3.4}% 186
\BOOKMARK [4][-]{paragraph.7.3.4.3.1}{\376\377\000a\000p\000p\000s\000e\000t\000t\000i\000n\000g\000s\000.\000j\000s\000o\000n}{subsubsection.7.3.4.3}% 187
\BOOKMARK [4][-]{paragraph.7.3.4.3.2}{\376\377\000a\000p\000p\000s\000e\000t\000t\000i\000n\000g\000s\000.\000D\000e\000v\000e\000l\000o\000p\000m\000e\000n\000t\000.\000j\000s\000o\000n}{subsubsection.7.3.4.3}% 188
\BOOKMARK [4][-]{paragraph.7.3.4.3.3}{\376\377\000a\000p\000p\000s\000e\000t\000t\000i\000n\000g\000s\000.\000P\000r\000o\000d\000u\000c\000t\000i\000o\000n\000.\000j\000s\000o\000n}{subsubsection.7.3.4.3}% 189
\BOOKMARK [3][-]{subsubsection.7.3.4.4}{\376\377\000P\000r\000o\000g\000r\000a\000m\000.\000c\000s\000\040\040\024\000\040\000A\000p\000p\000l\000i\000c\000a\000t\000i\000o\000n\000\040\000E\000n\000t\000r\000y\000\040\000P\000o\000i\000n\000t}{subsection.7.3.4}% 190
\BOOKMARK [1][-]{section.7.4}{\376\377\000D\000a\000t\000a\000\040\000F\000l\000o\000w\000\040\000a\000n\000d\000\040\000I\000n\000t\000e\000g\000r\000a\000t\000i\000o\000n\000\040\000P\000o\000i\000n\000t\000s}{chapter.7}% 191
\BOOKMARK [2][-]{subsection.7.4.1}{\376\377\000V\000e\000r\000i\000f\000i\000c\000a\000t\000i\000o\000n\000\040\000W\000o\000r\000k\000f\000l\000o\000w}{section.7.4}% 192
\BOOKMARK [2][-]{subsection.7.4.2}{\376\377\000S\000e\000c\000u\000r\000i\000t\000y\000\040\000A\000r\000c\000h\000i\000t\000e\000c\000t\000u\000r\000e}{section.7.4}% 193
\BOOKMARK [0][-]{chapter.8}{\376\377\000S\000y\000s\000t\000e\000m\000\040\000I\000n\000t\000e\000g\000r\000a\000t\000i\000o\000n}{}% 194
\BOOKMARK [1][-]{section.8.1}{\376\377\000E\000n\000d\000-\000t\000o\000-\000E\000n\000d\000\040\000R\000e\000q\000u\000e\000s\000t\000\040\000F\000l\000o\000w\000\040\000\050\000B\000r\000o\000w\000s\000e\000r\000\040\000t\000o\000\040\000M\000L\000\040\000M\000o\000d\000e\000l\000\051}{chapter.8}% 195
\BOOKMARK [2][-]{subsection.8.1.1}{\376\377\000O\000v\000e\000r\000v\000i\000e\000w\000\040\000o\000f\000\040\000t\000h\000e\000\040\000R\000e\000q\000u\000e\000s\000t\000\040\000L\000i\000f\000e\000c\000y\000c\000l\000e}{section.8.1}% 196
\BOOKMARK [2][-]{subsection.8.1.2}{\376\377\000B\000r\000o\000w\000s\000e\000r\000-\000L\000e\000v\000e\000l\000\040\000R\000e\000q\000u\000e\000s\000t\000\040\000G\000e\000n\000e\000r\000a\000t\000i\000o\000n}{section.8.1}% 197
\BOOKMARK [2][-]{subsection.8.1.3}{\376\377\000B\000a\000c\000k\000e\000n\000d\000\040\000R\000e\000q\000u\000e\000s\000t\000\040\000R\000e\000c\000e\000p\000t\000i\000o\000n}{section.8.1}% 198
\BOOKMARK [2][-]{subsection.8.1.4}{\376\377\000A\000I\000\040\000I\000n\000f\000e\000r\000e\000n\000c\000e\000\040\000E\000x\000e\000c\000u\000t\000i\000o\000n\000\040\000P\000i\000p\000e\000l\000i\000n\000e}{section.8.1}% 199
\BOOKMARK [2][-]{subsection.8.1.5}{\376\377\000R\000e\000q\000u\000e\000s\000t\000\040\000F\000l\000o\000w\000\040\000D\000i\000a\000g\000r\000a\000m}{section.8.1}% 200
\BOOKMARK [1][-]{section.8.2}{\376\377\000F\000r\000o\000n\000t\000e\000n\000d\000\040\000-\000\040\000B\000a\000c\000k\000e\000n\000d\000\040\000C\000o\000m\000m\000u\000n\000i\000c\000a\000t\000i\000o\000n\000\040\000\050\000P\000r\000o\000x\000y\000\040\000A\000r\000c\000h\000i\000t\000e\000c\000t\000u\000r\000e\000\051}{chapter.8}% 201
\BOOKMARK [2][-]{subsection.8.2.1}{\376\377\000C\000e\000n\000t\000r\000a\000l\000i\000z\000e\000d\000\040\000C\000o\000m\000m\000u\000n\000i\000c\000a\000t\000i\000o\000n\000\040\000A\000r\000c\000h\000i\000t\000e\000c\000t\000u\000r\000e}{section.8.2}% 202
\BOOKMARK [2][-]{subsection.8.2.2}{\376\377\000A\000x\000i\000o\000s\000\040\000C\000l\000i\000e\000n\000t\000\040\000I\000n\000t\000e\000g\000r\000a\000t\000i\000o\000n}{section.8.2}% 203
\BOOKMARK [2][-]{subsection.8.2.3}{\376\377\000P\000r\000o\000x\000y\000\040\000R\000o\000u\000t\000e\000\040\000W\000o\000r\000k\000f\000l\000o\000w}{section.8.2}% 204
\BOOKMARK [2][-]{subsection.8.2.4}{\376\377\000A\000u\000t\000h\000e\000n\000t\000i\000c\000a\000t\000i\000o\000n\000\040\000a\000n\000d\000\040\000S\000e\000s\000s\000i\000o\000n\000\040\000R\000e\000c\000o\000v\000e\000r\000y}{section.8.2}% 205
\BOOKMARK [2][-]{subsection.8.2.5}{\376\377\000P\000r\000o\000x\000y\000\040\000A\000r\000c\000h\000i\000t\000e\000c\000t\000u\000r\000e\000\040\000D\000i\000a\000g\000r\000a\000m}{section.8.2}% 206
\BOOKMARK [1][-]{section.8.3}{\376\377\000B\000a\000c\000k\000e\000n\000d\000\040\000-\000\040\000M\000o\000d\000e\000l\000\040\000S\000e\000r\000v\000i\000n\000g\000\040\000A\000P\000I\000\040\000I\000n\000t\000e\000g\000r\000a\000t\000i\000o\000n}{chapter.8}% 207
\BOOKMARK [2][-]{subsection.8.3.1}{\376\377\000A\000I\000\040\000S\000e\000r\000v\000i\000c\000e\000\040\000I\000n\000t\000e\000g\000r\000a\000t\000i\000o\000n\000\040\000A\000r\000c\000h\000i\000t\000e\000c\000t\000u\000r\000e}{section.8.3}% 208
\BOOKMARK [2][-]{subsection.8.3.2}{\376\377\000I\000m\000a\000g\000e\000\040\000V\000a\000l\000i\000d\000a\000t\000i\000o\000n\000\040\000P\000i\000p\000e\000l\000i\000n\000e}{section.8.3}% 209
\BOOKMARK [2][-]{subsection.8.3.3}{\376\377\000O\000C\000R\000\040\000a\000n\000d\000\040\000M\000e\000t\000a\000d\000a\000t\000a\000\040\000E\000x\000t\000r\000a\000c\000t\000i\000o\000n}{section.8.3}% 210
\BOOKMARK [2][-]{subsection.8.3.4}{\376\377\000S\000e\000e\000d\000\040\000C\000l\000a\000s\000s\000i\000f\000i\000c\000a\000t\000i\000o\000n\000\040\000W\000o\000r\000k\000f\000l\000o\000w}{section.8.3}% 211
\BOOKMARK [2][-]{subsection.8.3.5}{\376\377\000M\000o\000d\000e\000l\000\040\000S\000e\000r\000v\000i\000n\000g\000\040\000W\000o\000r\000k\000f\000l\000o\000w\000\040\000D\000i\000a\000g\000r\000a\000m}{section.8.3}% 212
\BOOKMARK [1][-]{section.8.4}{\376\377\000A\000z\000u\000r\000e\000\040\000S\000e\000r\000v\000i\000c\000e\000\040\000I\000n\000t\000e\000g\000r\000a\000t\000i\000o\000n\000\040\000W\000o\000r\000k\000f\000l\000o\000w}{chapter.8}% 213
\BOOKMARK [2][-]{subsection.8.4.1}{\376\377\000A\000z\000u\000r\000e\000\040\000S\000e\000r\000v\000i\000c\000e\000s\000\040\000U\000s\000e\000d\000\040\000i\000n\000\040\000t\000h\000e\000\040\000P\000l\000a\000t\000f\000o\000r\000m}{section.8.4}% 214
\BOOKMARK [2][-]{subsection.8.4.2}{\376\377\000A\000z\000u\000r\000e\000\040\000B\000l\000o\000b\000\040\000S\000t\000o\000r\000a\000g\000e\000\040\000W\000o\000r\000k\000f\000l\000o\000w}{section.8.4}% 215
\BOOKMARK [2][-]{subsection.8.4.3}{\376\377\000A\000z\000u\000r\000e\000\040\000A\000I\000\040\000S\000e\000r\000v\000i\000c\000e\000\040\000C\000o\000o\000r\000d\000i\000n\000a\000t\000i\000o\000n}{section.8.4}% 216
\BOOKMARK [2][-]{subsection.8.4.4}{\376\377\000C\000l\000o\000u\000d\000-\000B\000a\000s\000e\000d\000\040\000A\000I\000\040\000P\000r\000o\000c\000e\000s\000s\000i\000n\000g\000\040\000P\000i\000p\000e\000l\000i\000n\000e}{section.8.4}% 217
\BOOKMARK [2][-]{subsection.8.4.5}{\376\377\000A\000z\000u\000r\000e\000\040\000I\000n\000t\000e\000g\000r\000a\000t\000i\000o\000n\000\040\000D\000i\000a\000g\000r\000a\000m}{section.8.4}% 218
\BOOKMARK [1][-]{section.8.5}{\376\377\000D\000e\000p\000l\000o\000y\000m\000e\000n\000t\000\040\000A\000r\000c\000h\000i\000t\000e\000c\000t\000u\000r\000e\000\040\000\050\000D\000o\000c\000k\000e\000r\000,\000\040\000A\000z\000u\000r\000e\000\040\000C\000o\000n\000t\000a\000i\000n\000e\000r\000\040\000A\000p\000p\000s\000\051}{chapter.8}% 219
\BOOKMARK [2][-]{subsection.8.5.1}{\376\377\000C\000o\000n\000t\000a\000i\000n\000e\000r\000i\000z\000a\000t\000i\000o\000n\000\040\000S\000t\000r\000a\000t\000e\000g\000y}{section.8.5}% 220
\BOOKMARK [2][-]{subsection.8.5.2}{\376\377\000D\000o\000c\000k\000e\000r\000-\000B\000a\000s\000e\000d\000\040\000B\000u\000i\000l\000d\000\040\000W\000o\000r\000k\000f\000l\000o\000w}{section.8.5}% 221
\BOOKMARK [2][-]{subsection.8.5.3}{\376\377\000A\000z\000u\000r\000e\000\040\000C\000o\000n\000t\000a\000i\000n\000e\000r\000\040\000R\000e\000g\000i\000s\000t\000r\000y\000\040\000I\000n\000t\000e\000g\000r\000a\000t\000i\000o\000n}{section.8.5}% 222
\BOOKMARK [2][-]{subsection.8.5.4}{\376\377\000A\000z\000u\000r\000e\000\040\000C\000o\000n\000t\000a\000i\000n\000e\000r\000\040\000A\000p\000p\000s\000\040\000D\000e\000p\000l\000o\000y\000m\000e\000n\000t}{section.8.5}% 223
\BOOKMARK [2][-]{subsection.8.5.5}{\376\377\000D\000e\000p\000l\000o\000y\000m\000e\000n\000t\000\040\000W\000o\000r\000k\000f\000l\000o\000w\000\040\000D\000i\000a\000g\000r\000a\000m}{section.8.5}% 224
\BOOKMARK [0][-]{chapter.9}{\376\377\000R\000e\000s\000u\000l\000t\000s\000\040\000a\000n\000d\000\040\000E\000v\000a\000l\000u\000a\000t\000i\000o\000n}{}% 225
\BOOKMARK [1][-]{section.9.1}{\376\377\000M\000o\000d\000e\000l\000\040\000P\000e\000r\000f\000o\000r\000m\000a\000n\000c\000e}{chapter.9}% 226
\BOOKMARK [2][-]{subsection.9.1.1}{\376\377\000A\000c\000c\000u\000r\000a\000c\000y\000,\000\040\000P\000r\000e\000c\000i\000s\000i\000o\000n\000,\000\040\000R\000e\000c\000a\000l\000l\000,\000\040\000a\000n\000d\000\040\000F\0001\000\040\000S\000c\000o\000r\000e}{section.9.1}% 227
\BOOKMARK [1][-]{section.9.2}{\376\377\000P\000e\000r\000-\000C\000l\000a\000s\000s\000\040\000P\000e\000r\000f\000o\000r\000m\000a\000n\000c\000e}{chapter.9}% 228
\BOOKMARK [1][-]{section.9.3}{\376\377\000C\000o\000n\000f\000u\000s\000i\000o\000n\000\040\000M\000a\000t\000r\000i\000x\000\040\000A\000n\000a\000l\000y\000s\000i\000s}{chapter.9}% 229
\BOOKMARK [1][-]{section.9.4}{\376\377\000R\000e\000g\000u\000l\000a\000r\000i\000z\000a\000t\000i\000o\000n\000\040\000E\000f\000f\000e\000c\000t\000i\000v\000e\000n\000e\000s\000s}{chapter.9}% 230
\BOOKMARK [1][-]{section.9.5}{\376\377\000M\000o\000d\000e\000l\000\040\000C\000o\000m\000p\000a\000r\000i\000s\000o\000n\000\040\000a\000n\000d\000\040\000A\000n\000a\000l\000y\000s\000i\000s}{chapter.9}% 231
\BOOKMARK [1][-]{section.9.6}{\376\377\000S\000y\000s\000t\000e\000m\000\040\000P\000e\000r\000f\000o\000r\000m\000a\000n\000c\000e}{chapter.9}% 232
\BOOKMARK [2][-]{subsection.9.6.1}{\376\377\000A\000P\000I\000\040\000I\000n\000f\000e\000r\000e\000n\000c\000e\000\040\000L\000a\000t\000e\000n\000c\000y\000\040\000\050\000\040\0001\0006\0005\000\040\000m\000s\000\040\000C\000P\000U\000\040\000/\000\040\000\040\0002\0000\000\040\000m\000s\000\040\000G\000P\000U\000\051}{section.9.6}% 233
\BOOKMARK [2][-]{subsection.9.6.2}{\376\377\000B\000a\000c\000k\000e\000n\000d\000\040\000R\000e\000s\000p\000o\000n\000s\000e\000\040\000T\000i\000m\000e\000s\000\040\000a\000n\000d\000\040\000T\000h\000r\000o\000u\000g\000h\000p\000u\000t}{section.9.6}% 234
\BOOKMARK [1][-]{section.9.7}{\376\377\000F\000u\000n\000c\000t\000i\000o\000n\000a\000l\000\040\000T\000e\000s\000t\000\040\000C\000a\000s\000e\000s}{chapter.9}% 235
\BOOKMARK [2][-]{subsection.9.7.1}{\376\377\000S\000e\000e\000d\000\040\000V\000e\000r\000i\000f\000i\000c\000a\000t\000i\000o\000n\000\040\000T\000e\000s\000t\000\040\000C\000a\000s\000e\000s}{section.9.7}% 236
\BOOKMARK [2][-]{subsection.9.7.2}{\376\377\000C\000o\000m\000p\000l\000a\000i\000n\000t\000\040\000M\000a\000n\000a\000g\000e\000m\000e\000n\000t\000\040\000T\000e\000s\000t\000\040\000C\000a\000s\000e\000s}{section.9.7}% 237
\BOOKMARK [2][-]{subsection.9.7.3}{\376\377\000R\000o\000l\000e\000-\000B\000a\000s\000e\000d\000\040\000A\000c\000c\000e\000s\000s\000\040\000a\000n\000d\000\040\000A\000d\000m\000i\000n\000\040\000T\000e\000s\000t\000\040\000C\000a\000s\000e\000s}{section.9.7}% 238
\BOOKMARK [2][-]{subsection.9.7.4}{\376\377\000O\000u\000t\000p\000u\000t\000\040\000S\000a\000m\000p\000l\000e\000s\000\040\000a\000n\000d\000\040\000S\000c\000r\000e\000e\000n\000s\000h\000o\000t\000s}{section.9.7}% 239
\BOOKMARK [2][-]{subsection.9.7.5}{\376\377\000C\000h\000a\000l\000l\000e\000n\000g\000e\000s\000\040\000E\000n\000c\000o\000u\000n\000t\000e\000r\000e\000d}{section.9.7}% 240
\BOOKMARK [2][-]{subsection.9.7.6}{\376\377\000K\000n\000o\000w\000n\000\040\000L\000i\000m\000i\000t\000a\000t\000i\000o\000n\000s\000\040\000o\000f\000\040\000t\000h\000e\000\040\000C\000u\000r\000r\000e\000n\000t\000\040\000S\000y\000s\000t\000e\000m}{section.9.7}% 241
\BOOKMARK [0][-]{chapter.10}{\376\377\000C\000o\000n\000c\000l\000u\000s\000i\000o\000n\000\040\000A\000n\000d\000\040\000F\000u\000t\000u\000r\000e\000\040\000W\000o\000r\000k}{}% 242
\BOOKMARK [1][-]{section.10.1}{\376\377\000S\000u\000m\000m\000a\000r\000y\000\040\000o\000f\000\040\000W\000o\000r\000k}{chapter.10}% 243
\BOOKMARK [1][-]{section.10.2}{\376\377\000K\000e\000y\000\040\000C\000o\000n\000t\000r\000i\000b\000u\000t\000i\000o\000n\000s\000\040\000a\000n\000d\000\040\000F\000i\000n\000d\000i\000n\000g\000s}{chapter.10}% 244
\BOOKMARK [2][-]{subsection.10.2.1}{\376\377\000A\000I\000-\000B\000a\000s\000e\000d\000\040\000A\000u\000t\000o\000m\000a\000t\000e\000d\000\040\000P\000a\000d\000d\000y\000\040\000S\000e\000e\000d\000\040\000C\000l\000a\000s\000s\000i\000f\000i\000c\000a\000t\000i\000o\000n}{section.10.2}% 245
\BOOKMARK [2][-]{subsection.10.2.2}{\376\377\000I\000n\000t\000e\000g\000r\000a\000t\000i\000o\000n\000\040\000o\000f\000\040\000M\000u\000l\000t\000i\000p\000l\000e\000\040\000A\000I\000\040\000S\000e\000r\000v\000i\000c\000e\000s}{section.10.2}% 246
\BOOKMARK [2][-]{subsection.10.2.3}{\376\377\000D\000U\000S\000\040\000P\000a\000r\000a\000m\000e\000t\000e\000r\000\040\000E\000v\000a\000l\000u\000a\000t\000i\000o\000n}{section.10.2}% 247
\BOOKMARK [2][-]{subsection.10.2.4}{\376\377\000R\000e\000a\000l\000-\000T\000i\000m\000e\000\040\000F\000a\000r\000m\000e\000r\000\040\000A\000s\000s\000i\000s\000t\000a\000n\000c\000e}{section.10.2}% 248
\BOOKMARK [2][-]{subsection.10.2.5}{\376\377\000S\000e\000c\000u\000r\000e\000\040\000a\000n\000d\000\040\000S\000c\000a\000l\000a\000b\000l\000e\000\040\000S\000y\000s\000t\000e\000m\000\040\000A\000r\000c\000h\000i\000t\000e\000c\000t\000u\000r\000e}{section.10.2}% 249
\BOOKMARK [2][-]{subsection.10.2.6}{\376\377\000C\000o\000m\000p\000l\000a\000i\000n\000t\000\040\000R\000e\000d\000r\000e\000s\000s\000a\000l\000\040\000a\000n\000d\000\040\000G\000o\000v\000e\000r\000n\000a\000n\000c\000e\000\040\000W\000o\000r\000k\000f\000l\000o\000w}{section.10.2}% 250
\BOOKMARK [2][-]{subsection.10.2.7}{\376\377\000R\000e\000d\000u\000c\000t\000i\000o\000n\000\040\000o\000f\000\040\000M\000a\000n\000u\000a\000l\000\040\000D\000e\000p\000e\000n\000d\000e\000n\000c\000y}{section.10.2}% 251
\BOOKMARK [2][-]{subsection.10.2.8}{\376\377\000C\000l\000o\000u\000d\000-\000N\000a\000t\000i\000v\000e\000\040\000A\000I\000\040\000D\000e\000p\000l\000o\000y\000m\000e\000n\000t}{section.10.2}% 252
\BOOKMARK [1][-]{section.10.3}{\376\377\000F\000u\000t\000u\000r\000e\000\040\000E\000n\000h\000a\000n\000c\000e\000m\000e\000n\000t\000s}{chapter.10}% 253
\BOOKMARK [2][-]{subsection.10.3.1}{\376\377\000O\000f\000f\000l\000i\000n\000e\000-\000F\000i\000r\000s\000t\000\040\000P\000r\000o\000g\000r\000e\000s\000s\000i\000v\000e\000\040\000W\000e\000b\000\040\000A\000p\000p\000l\000i\000c\000a\000t\000i\000o\000n\000\040\000\050\000P\000W\000A\000\051}{section.10.3}% 254
\BOOKMARK [2][-]{subsection.10.3.2}{\376\377\000E\000n\000h\000a\000n\000c\000e\000d\000\040\000S\000e\000c\000u\000r\000i\000t\000y\000\040\000M\000e\000c\000h\000a\000n\000i\000s\000m\000s}{section.10.3}% 255
\BOOKMARK [2][-]{subsection.10.3.3}{\376\377\000B\000l\000o\000c\000k\000c\000h\000a\000i\000n\000-\000B\000a\000s\000e\000d\000\040\000V\000e\000r\000i\000f\000i\000c\000a\000t\000i\000o\000n\000\040\000L\000e\000d\000g\000e\000r}{section.10.3}% 256
\BOOKMARK [2][-]{subsection.10.3.4}{\376\377\000I\000o\000T\000\040\000a\000n\000d\000\040\000S\000m\000a\000r\000t\000\040\000A\000g\000r\000i\000c\000u\000l\000t\000u\000r\000e\000\040\000I\000n\000t\000e\000g\000r\000a\000t\000i\000o\000n}{section.10.3}% 257
\BOOKMARK [2][-]{subsection.10.3.5}{\376\377\000E\000x\000p\000a\000n\000s\000i\000o\000n\000\040\000t\000o\000\040\000M\000u\000l\000t\000i\000p\000l\000e\000\040\000C\000r\000o\000p\000\040\000V\000a\000r\000i\000e\000t\000i\000e\000s}{section.10.3}% 258
\BOOKMARK [2][-]{subsection.10.3.6}{\376\377\000M\000o\000b\000i\000l\000e\000\040\000A\000p\000p\000l\000i\000c\000a\000t\000i\000o\000n\000\040\000D\000e\000v\000e\000l\000o\000p\000m\000e\000n\000t}{section.10.3}% 259
\BOOKMARK [2][-]{subsection.10.3.7}{\376\377\000M\000u\000l\000t\000i\000l\000i\000n\000g\000u\000a\000l\000\040\000F\000a\000r\000m\000e\000r\000\040\000A\000s\000s\000i\000s\000t\000a\000n\000c\000e}{section.10.3}% 260
\BOOKMARK [2][-]{subsection.10.3.8}{\376\377\000A\000d\000v\000a\000n\000c\000e\000d\000\040\000A\000n\000a\000l\000y\000t\000i\000c\000s\000\040\000D\000a\000s\000h\000b\000o\000a\000r\000d}{section.10.3}% 261
\BOOKMARK [2][-]{subsection.10.3.9}{\376\377\000F\000e\000d\000e\000r\000a\000t\000e\000d\000\040\000L\000e\000a\000r\000n\000i\000n\000g\000\040\000f\000o\000r\000\040\000P\000r\000i\000v\000a\000c\000y\000-\000P\000r\000e\000s\000e\000r\000v\000i\000n\000g\000\040\000A\000I}{section.10.3}% 262
\BOOKMARK [2][-]{subsection.10.3.10}{\376\377\000E\000x\000p\000l\000a\000i\000n\000a\000b\000l\000e\000\040\000A\000I\000\040\000\050\000X\000A\000I\000\051}{section.10.3}% 263
\BOOKMARK [1][-]{section.10.4}{\376\377\000C\000o\000n\000c\000l\000u\000s\000i\000o\000n}{chapter.10}% 264
\BOOKMARK [0][-]{section*.51}{\376\377\000R\000E\000F\000E\000R\000E\000N\000C\000E\000S}{}% 265
